Archive member included to satisfy reference by file (symbol)

c:/ac6/systemworkbench/plugins/fr.ac6.mcu.externaltools.arm-none.win32_1.15.0.201708311556/tools/compiler/bin/../lib/gcc/arm-none-eabi/6.3.1/../../../../arm-none-eabi/lib/thumb/v7-m\libm.a(lib_a-s_ceil.o)
                              Src/BaseSystem/rtc.o (ceil)
c:/ac6/systemworkbench/plugins/fr.ac6.mcu.externaltools.arm-none.win32_1.15.0.201708311556/tools/compiler/bin/../lib/gcc/arm-none-eabi/6.3.1/../../../../arm-none-eabi/lib/thumb/v7-m\libm.a(lib_a-s_floor.o)
                              Src/network/LoRa/sx1276.o (floor)
c:/ac6/systemworkbench/plugins/fr.ac6.mcu.externaltools.arm-none.win32_1.15.0.201708311556/tools/compiler/bin/../lib/gcc/arm-none-eabi/6.3.1/../../../../arm-none-eabi/lib/thumb/v7-m\libm.a(lib_a-s_round.o)
                              Src/BaseSystem/rtc.o (round)
c:/ac6/systemworkbench/plugins/fr.ac6.mcu.externaltools.arm-none.win32_1.15.0.201708311556/tools/compiler/bin/../lib/gcc/arm-none-eabi/6.3.1/thumb/v7-m\libgcc.a(_lshrdi3.o)
                              Drivers/STM32F1xx_HAL_Driver/Src/stm32f1xx_hal_flash.o (__aeabi_llsr)
c:/ac6/systemworkbench/plugins/fr.ac6.mcu.externaltools.arm-none.win32_1.15.0.201708311556/tools/compiler/bin/../lib/gcc/arm-none-eabi/6.3.1/thumb/v7-m\libgcc.a(_arm_addsubdf3.o)
                              Src/BaseSystem/rtc.o (__aeabi_dsub)
c:/ac6/systemworkbench/plugins/fr.ac6.mcu.externaltools.arm-none.win32_1.15.0.201708311556/tools/compiler/bin/../lib/gcc/arm-none-eabi/6.3.1/thumb/v7-m\libgcc.a(_arm_muldivdf3.o)
                              Src/BaseSystem/rtc.o (__aeabi_dmul)
c:/ac6/systemworkbench/plugins/fr.ac6.mcu.externaltools.arm-none.win32_1.15.0.201708311556/tools/compiler/bin/../lib/gcc/arm-none-eabi/6.3.1/thumb/v7-m\libgcc.a(_arm_cmpdf2.o)
                              Src/BaseSystem/rtc.o (__aeabi_dcmpge)
c:/ac6/systemworkbench/plugins/fr.ac6.mcu.externaltools.arm-none.win32_1.15.0.201708311556/tools/compiler/bin/../lib/gcc/arm-none-eabi/6.3.1/thumb/v7-m\libgcc.a(_arm_fixdfsi.o)
                              Src/BaseSystem/rtc.o (__aeabi_d2iz)
c:/ac6/systemworkbench/plugins/fr.ac6.mcu.externaltools.arm-none.win32_1.15.0.201708311556/tools/compiler/bin/../lib/gcc/arm-none-eabi/6.3.1/thumb/v7-m\libgcc.a(_arm_fixunsdfsi.o)
                              Src/BaseSystem/rtc.o (__aeabi_d2uiz)
c:/ac6/systemworkbench/plugins/fr.ac6.mcu.externaltools.arm-none.win32_1.15.0.201708311556/tools/compiler/bin/../lib/gcc/arm-none-eabi/6.3.1/thumb/v7-m\libgcc.a(_arm_muldivsf3.o)
                              Src/BaseSystem/delay.o (__aeabi_fmul)
c:/ac6/systemworkbench/plugins/fr.ac6.mcu.externaltools.arm-none.win32_1.15.0.201708311556/tools/compiler/bin/../lib/gcc/arm-none-eabi/6.3.1/thumb/v7-m\libgcc.a(_arm_fixunssfsi.o)
                              Src/BaseSystem/delay.o (__aeabi_f2uiz)
c:/ac6/systemworkbench/plugins/fr.ac6.mcu.externaltools.arm-none.win32_1.15.0.201708311556/tools/compiler/bin/../lib/gcc/arm-none-eabi/6.3.1/../../../../arm-none-eabi/lib/thumb/v7-m\libc_nano.a(lib_a-exit.o)
                              c:/ac6/systemworkbench/plugins/fr.ac6.mcu.externaltools.arm-none.win32_1.15.0.201708311556/tools/compiler/bin/../lib/gcc/arm-none-eabi/6.3.1/../../../../arm-none-eabi/lib/thumb/v7-m/crt0.o (exit)
c:/ac6/systemworkbench/plugins/fr.ac6.mcu.externaltools.arm-none.win32_1.15.0.201708311556/tools/compiler/bin/../lib/gcc/arm-none-eabi/6.3.1/../../../../arm-none-eabi/lib/thumb/v7-m\libc_nano.a(lib_a-impure.o)
                              c:/ac6/systemworkbench/plugins/fr.ac6.mcu.externaltools.arm-none.win32_1.15.0.201708311556/tools/compiler/bin/../lib/gcc/arm-none-eabi/6.3.1/../../../../arm-none-eabi/lib/thumb/v7-m\libc_nano.a(lib_a-exit.o) (_global_impure_ptr)
c:/ac6/systemworkbench/plugins/fr.ac6.mcu.externaltools.arm-none.win32_1.15.0.201708311556/tools/compiler/bin/../lib/gcc/arm-none-eabi/6.3.1/../../../../arm-none-eabi/lib/thumb/v7-m\libc_nano.a(lib_a-init.o)
                              c:/ac6/systemworkbench/plugins/fr.ac6.mcu.externaltools.arm-none.win32_1.15.0.201708311556/tools/compiler/bin/../lib/gcc/arm-none-eabi/6.3.1/../../../../arm-none-eabi/lib/thumb/v7-m/crt0.o (__libc_init_array)
c:/ac6/systemworkbench/plugins/fr.ac6.mcu.externaltools.arm-none.win32_1.15.0.201708311556/tools/compiler/bin/../lib/gcc/arm-none-eabi/6.3.1/../../../../arm-none-eabi/lib/thumb/v7-m\libc_nano.a(lib_a-memcpy-stub.o)
                              Middlewares/Third_Party/FreeRTOS/Source/queue.o (memcpy)
c:/ac6/systemworkbench/plugins/fr.ac6.mcu.externaltools.arm-none.win32_1.15.0.201708311556/tools/compiler/bin/../lib/gcc/arm-none-eabi/6.3.1/../../../../arm-none-eabi/lib/thumb/v7-m\libc_nano.a(lib_a-memset.o)
                              c:/ac6/systemworkbench/plugins/fr.ac6.mcu.externaltools.arm-none.win32_1.15.0.201708311556/tools/compiler/bin/../lib/gcc/arm-none-eabi/6.3.1/../../../../arm-none-eabi/lib/thumb/v7-m/crt0.o (memset)
[...]
Memory Configuration

Name             Origin             Length             Attributes
RAM              0x20000000         0x00005000         xrw
FLASH            0x08000000         0x00020000         xr
*default*        0x00000000         0xffffffff

Linker script and memory map

LOAD c:/ac6/systemworkbench/plugins/fr.ac6.mcu.externaltools.arm-none.win32_1.15.0.201708311556/tools/compiler/bin/../lib/gcc/arm-none-eabi/6.3.1/thumb/v7-m/crti.o
LOAD c:/ac6/systemworkbench/plugins/fr.ac6.mcu.externaltools.arm-none.win32_1.15.0.201708311556/tools/compiler/bin/../lib/gcc/arm-none-eabi/6.3.1/thumb/v7-m/crtbegin.o
LOAD c:/ac6/systemworkbench/plugins/fr.ac6.mcu.externaltools.arm-none.win32_1.15.0.201708311556/tools/compiler/bin/../lib/gcc/arm-none-eabi/6.3.1/../../../../arm-none-eabi/lib/thumb/v7-m/crt0.o
LOAD Drivers/STM32F1xx_HAL_Driver/Src/stm32f1xx_hal.o
LOAD Drivers/STM32F1xx_HAL_Driver/Src/stm32f1xx_hal_cortex.o
LOAD Drivers/STM32F1xx_HAL_Driver/Src/stm32f1xx_hal_dma.o
LOAD Drivers/STM32F1xx_HAL_Driver/Src/stm32f1xx_hal_flash.o
LOAD Drivers/STM32F1xx_HAL_Driver/Src/stm32f1xx_hal_flash_ex.o
LOAD Drivers/STM32F1xx_HAL_Driver/Src/stm32f1xx_hal_gpio.o
LOAD Drivers/STM32F1xx_HAL_Driver/Src/stm32f1xx_hal_gpio_ex.o
LOAD Drivers/STM32F1xx_HAL_Driver/Src/stm32f1xx_hal_pcd.o
LOAD Drivers/STM32F1xx_HAL_Driver/Src/stm32f1xx_hal_pcd_ex.o
LOAD Drivers/STM32F1xx_HAL_Driver/Src/stm32f1xx_hal_pwr.o
LOAD Drivers/STM32F1xx_HAL_Driver/Src/stm32f1xx_hal_rcc.o
LOAD Drivers/STM32F1xx_HAL_Driver/Src/stm32f1xx_hal_rcc_ex.o
LOAD Drivers/STM32F1xx_HAL_Driver/Src/stm32f1xx_hal_rtc.o
LOAD Drivers/STM32F1xx_HAL_Driver/Src/stm32f1xx_hal_rtc_ex.o
LOAD Drivers/STM32F1xx_HAL_Driver/Src/stm32f1xx_hal_spi.o
LOAD Drivers/STM32F1xx_HAL_Driver/Src/stm32f1xx_hal_spi_ex.o
LOAD Drivers/STM32F1xx_HAL_Driver/Src/stm32f1xx_hal_tim.o
LOAD Drivers/STM32F1xx_HAL_Driver/Src/stm32f1xx_hal_tim_ex.o
LOAD Drivers/STM32F1xx_HAL_Driver/Src/stm32f1xx_hal_uart.o
LOAD Drivers/STM32F1xx_HAL_Driver/Src/stm32f1xx_ll_usb.o
LOAD Middlewares/ST/STM32_USB_Device_Library/Class/CDC/Src/usbd_cdc.o
LOAD Middlewares/ST/STM32_USB_Device_Library/Core/Src/usbd_core.o
LOAD Middlewares/ST/STM32_USB_Device_Library/Core/Src/usbd_ctlreq.o
LOAD Middlewares/ST/STM32_USB_Device_Library/Core/Src/usbd_ioreq.o
LOAD Middlewares/Third_Party/FreeRTOS/Source/CMSIS_RTOS/cmsis_os.o
LOAD Middlewares/Third_Party/FreeRTOS/Source/croutine.o
LOAD Middlewares/Third_Party/FreeRTOS/Source/event_groups.o
LOAD Middlewares/Third_Party/FreeRTOS/Source/list.o
LOAD Middlewares/Third_Party/FreeRTOS/Source/queue.o
LOAD Middlewares/Third_Party/FreeRTOS/Source/tasks.o
LOAD Middlewares/Third_Party/FreeRTOS/Source/timers.o
LOAD Middlewares/Third_Party/FreeRTOS/Source/portable/GCC/ARM_CM3/port.o
LOAD Middlewares/Third_Party/FreeRTOS/Source/portable/MemMang/heap_4.o
LOAD Src/BaseSystem/delay.o
LOAD Src/BaseSystem/freertos.o
LOAD Src/BaseSystem/gpio.o
LOAD Src/BaseSystem/rtc.o
LOAD Src/BaseSystem/spi.o
LOAD Src/BaseSystem/stm32f1xx_hal_msp.o
LOAD Src/BaseSystem/stm32f1xx_it.o
LOAD Src/BaseSystem/system_stm32f1xx.o
LOAD Src/BaseSystem/timer.o
LOAD Src/BaseSystem/usb_device.o
LOAD Src/BaseSystem/usbd_cdc_if.o
LOAD Src/BaseSystem/usbd_conf.o
LOAD Src/BaseSystem/usbd_desc.o
LOAD Src/BaseSystem/utilities.o
LOAD Src/application/application.o
LOAD Src/main.o
LOAD Src/network/LoRa/aec_cmac.o
LOAD Src/network/LoRa/aes.o
LOAD Src/network/LoRa/rmss_lora_mac.o
LOAD Src/network/LoRa/sx1276-ubiboard.o
LOAD Src/network/LoRa/sx1276.o
LOAD Src/network/comport/usart.o
LOAD Src/network/comport/vcp.o
LOAD startup/startup_stm32f103xb.o
LOAD c:/ac6/systemworkbench/plugins/fr.ac6.mcu.externaltools.arm-none.win32_1.15.0.201708311556/tools/compiler/bin/../lib/gcc/arm-none-eabi/6.3.1/../../../../arm-none-eabi/lib/thumb/v7-m\libm.a
START GROUP
LOAD c:/ac6/systemworkbench/plugins/fr.ac6.mcu.externaltools.arm-none.win32_1.15.0.201708311556/tools/compiler/bin/../lib/gcc/arm-none-eabi/6.3.1/thumb/v7-m\libgcc.a
LOAD c:/ac6/systemworkbench/plugins/fr.ac6.mcu.externaltools.arm-none.win32_1.15.0.201708311556/tools/compiler/bin/../lib/gcc/arm-none-eabi/6.3.1/../../../../arm-none-eabi/lib/thumb/v7-m\libc_nano.a
END GROUP
START GROUP
LOAD c:/ac6/systemworkbench/plugins/fr.ac6.mcu.externaltools.arm-none.win32_1.15.0.201708311556/tools/compiler/bin/../lib/gcc/arm-none-eabi/6.3.1/thumb/v7-m\libgcc.a
LOAD c:/ac6/systemworkbench/plugins/fr.ac6.mcu.externaltools.arm-none.win32_1.15.0.201708311556/tools/compiler/bin/../lib/gcc/arm-none-eabi/6.3.1/../../../../arm-none-eabi/lib/thumb/v7-m\libc_nano.a
LOAD c:/ac6/systemworkbench/plugins/fr.ac6.mcu.externaltools.arm-none.win32_1.15.0.201708311556/tools/compiler/bin/../lib/gcc/arm-none-eabi/6.3.1/../../../../arm-none-eabi/lib/thumb/v7-m\libnosys.a
END GROUP
START GROUP
LOAD c:/ac6/systemworkbench/plugins/fr.ac6.mcu.externaltools.arm-none.win32_1.15.0.201708311556/tools/compiler/bin/../lib/gcc/arm-none-eabi/6.3.1/thumb/v7-m\libgcc.a
LOAD c:/ac6/systemworkbench/plugins/fr.ac6.mcu.externaltools.arm-none.win32_1.15.0.201708311556/tools/compiler/bin/../lib/gcc/arm-none-eabi/6.3.1/../../../../arm-none-eabi/lib/thumb/v7-m\libc_nano.a
LOAD c:/ac6/systemworkbench/plugins/fr.ac6.mcu.externaltools.arm-none.win32_1.15.0.201708311556/tools/compiler/bin/../lib/gcc/arm-none-eabi/6.3.1/../../../../arm-none-eabi/lib/thumb/v7-m\libnosys.a
END GROUP
LOAD c:/ac6/systemworkbench/plugins/fr.ac6.mcu.externaltools.arm-none.win32_1.15.0.201708311556/tools/compiler/bin/../lib/gcc/arm-none-eabi/6.3.1/thumb/v7-m/crtend.o
LOAD c:/ac6/systemworkbench/plugins/fr.ac6.mcu.externaltools.arm-none.win32_1.15.0.201708311556/tools/compiler/bin/../lib/gcc/arm-none-eabi/6.3.1/thumb/v7-m/crtn.o
                0x20005000                _estack = 0x20005000
                0x00000200                _Min_Heap_Size = 0x200
                0x00000400                _Min_Stack_Size = 0x400

.isr_vector     0x08000000      0x10c
                0x08000000                . = ALIGN (0x4)
 *(.isr_vector)
 .isr_vector    0x08000000      0x10c startup/startup_stm32f103xb.o
                0x08000000                g_pfnVectors
                0x0800010c                . = ALIGN (0x4)

.text           0x08000110     0x72dc
                0x08000110                . = ALIGN (0x4)
 *(.text)
 .text          0x08000110       0x6c c:/ac6/systemworkbench/plugins/fr.ac6.mcu.externaltools.arm-none.win32_1.15.0.201708311556/tools/compiler/bin/../lib/gcc/arm-none-eabi/6.3.1/thumb/v7-m/crtbegin.o
 .text          0x0800017c      0x370 c:/ac6/systemworkbench/plugins/fr.ac6.mcu.externaltools.arm-none.win32_1.15.0.201708311556/tools/compiler/bin/../lib/gcc/arm-none-eabi/6.3.1/thumb/v7-m\libgcc.a(_arm_addsubdf3.o)
                0x0800017c                __aeabi_drsub
                0x08000184                __aeabi_dsub
                0x08000184                __subdf3
                0x08000188                __aeabi_dadd
                0x08000188                __adddf3
                0x08000400                __floatunsidf
                0x08000400                __aeabi_ui2d
                0x08000420                __floatsidf
                0x08000420                __aeabi_i2d
                0x08000444                __aeabi_f2d
                0x08000444                __extendsfdf2
                0x08000480                __floatundidf
                0x08000480                __aeabi_ul2d
                0x08000490                __floatdidf
                0x08000490                __aeabi_l2d
 .text          0x080004ec      0x424 c:/ac6/systemworkbench/plugins/fr.ac6.mcu.externaltools.arm-none.win32_1.15.0.201708311556/tools/compiler/bin/../lib/gcc/arm-none-eabi/6.3.1/thumb/v7-m\libgcc.a(_arm_muldivdf3.o)
                0x080004ec                __aeabi_dmul
                0x080004ec                __muldf3
                0x08000740                __divdf3
                0x08000740                __aeabi_ddiv
 .text          0x08000910      0x110 c:/ac6/systemworkbench/plugins/fr.ac6.mcu.externaltools.arm-none.win32_1.15.0.201708311556/tools/compiler/bin/../lib/gcc/arm-none-eabi/6.3.1/thumb/v7-m\libgcc.a(_arm_cmpdf2.o)
                0x08000910                __gtdf2
                0x08000910                __gedf2
                0x08000918                __ltdf2
                0x08000918                __ledf2
                0x08000920                __nedf2
                0x08000920                __eqdf2
                0x08000920                __cmpdf2
                0x0800099c                __aeabi_cdrcmple
                0x080009ac                __aeabi_cdcmpeq
                0x080009ac                __aeabi_cdcmple
                0x080009bc                __aeabi_dcmpeq
                0x080009d0                __aeabi_dcmplt
                0x080009e4                __aeabi_dcmple
                0x080009f8                __aeabi_dcmpge
                0x08000a0c                __aeabi_dcmpgt
 .text          0x08000a20       0x50 c:/ac6/systemworkbench/plugins/fr.ac6.mcu.externaltools.arm-none.win32_1.15.0.201708311556/tools/compiler/bin/../lib/gcc/arm-none-eabi/6.3.1/thumb/v7-m\libgcc.a(_arm_fixdfsi.o)
                0x08000a20                __aeabi_d2iz
                0x08000a20                __fixdfsi
 .text          0x08000a70       0x40 c:/ac6/systemworkbench/plugins/fr.ac6.mcu.externaltools.arm-none.win32_1.15.0.201708311556/tools/compiler/bin/../lib/gcc/arm-none-eabi/6.3.1/thumb/v7-m\libgcc.a(_arm_fixunsdfsi.o)
                0x08000a70                __aeabi_d2uiz
                0x08000a70                __fixunsdfsi
 .text          0x08000ab0       0x10 c:/ac6/systemworkbench/plugins/fr.ac6.mcu.externaltools.arm-none.win32_1.15.0.201708311556/tools/compiler/bin/../lib/gcc/arm-none-eabi/6.3.1/../../../../arm-none-eabi/lib/thumb/v7-m\libc_nano.a(lib_a-strlen.o)
                0x08000ab0                strlen
 *(.text*)
 .text.HAL_InitTick
                0x08000ac0       0x24 Drivers/STM32F1xx_HAL_Driver/Src/stm32f1xx_hal.o
                0x08000ac0                HAL_InitTick
 .text.HAL_Init
                0x08000ae4       0x24 Drivers/STM32F1xx_HAL_Driver/Src/stm32f1xx_hal.o
                0x08000ae4                HAL_Init
 .text.HAL_IncTick
                0x08000b08       0x10 Drivers/STM32F1xx_HAL_Driver/Src/stm32f1xx_hal.o
                0x08000b08                HAL_IncTick
 .text.HAL_GetTick
                0x08000b18        0xc Drivers/STM32F1xx_HAL_Driver/Src/stm32f1xx_hal.o
                0x08000b18                HAL_GetTick
 .text.HAL_Delay
                0x08000b24       0x1a Drivers/STM32F1xx_HAL_Driver/Src/stm32f1xx_hal.o
                0x08000b24                HAL_Delay
 *fill*         0x08000b3e        0x2 
 .text.HAL_NVIC_SetPriorityGrouping
                0x08000b40       0x24 Drivers/STM32F1xx_HAL_Driver/Src/stm32f1xx_hal_cortex.o
                0x08000b40                HAL_NVIC_SetPriorityGrouping
 .text.HAL_NVIC_SetPriority
                0x08000b64       0x68 Drivers/STM32F1xx_HAL_Driver/Src/stm32f1xx_hal_cortex.o
                0x08000b64                HAL_NVIC_SetPriority
 .text.HAL_NVIC_EnableIRQ
                0x08000bcc       0x18 Drivers/STM32F1xx_HAL_Driver/Src/stm32f1xx_hal_cortex.o
                0x08000bcc                HAL_NVIC_EnableIRQ
 .text.HAL_SYSTICK_Config
                0x08000be4       0x2c Drivers/STM32F1xx_HAL_Driver/Src/stm32f1xx_hal_cortex.o
                0x08000be4                HAL_SYSTICK_Config
 .text.HAL_SYSTICK_CLKSourceConfig
                0x08000c10       0x18 Drivers/STM32F1xx_HAL_Driver/Src/stm32f1xx_hal_cortex.o
                0x08000c10                HAL_SYSTICK_CLKSourceConfig
 .text.HAL_SYSTICK_IRQHandler
                0x08000c28        0x8 Drivers/STM32F1xx_HAL_Driver/Src/stm32f1xx_hal_cortex.o
                0x08000c28                HAL_SYSTICK_IRQHandler
 .text.HAL_GPIO_Init
                0x08000c30      0x1c0 Drivers/STM32F1xx_HAL_Driver/Src/stm32f1xx_hal_gpio.o
                0x08000c30                HAL_GPIO_Init
 .text.HAL_GPIO_WritePin
                0x08000df0        0xa Drivers/STM32F1xx_HAL_Driver/Src/stm32f1xx_hal_gpio.o
                0x08000df0                HAL_GPIO_WritePin
 .text.HAL_GPIO_TogglePin
                0x08000dfa        0x8 Drivers/STM32F1xx_HAL_Driver/Src/stm32f1xx_hal_gpio.o
                0x08000dfa                HAL_GPIO_TogglePin
 *fill*         0x08000e02        0x2 
 .text.HAL_GPIO_EXTI_IRQHandler
                0x08000e04       0x18 Drivers/STM32F1xx_HAL_Driver/Src/stm32f1xx_hal_gpio.o
                0x08000e04                HAL_GPIO_EXTI_IRQHandler
 .text.HAL_PCD_SetAddress
                0x08000e1c       0x28 Drivers/STM32F1xx_HAL_Driver/Src/stm32f1xx_hal_pcd.o
                0x08000e1c                HAL_PCD_SetAddress
 .text.HAL_PCD_EP_Open
                0x08000e44       0x46 Drivers/STM32F1xx_HAL_Driver/Src/stm32f1xx_hal_pcd.o
                0x08000e44                HAL_PCD_EP_Open
 .text.HAL_PCD_EP_Receive
                0x08000e8a       0x48 Drivers/STM32F1xx_HAL_Driver/Src/stm32f1xx_hal_pcd.o
                0x08000e8a                HAL_PCD_EP_Receive
 .text.HAL_PCD_EP_Transmit
                0x08000ed2       0x40 Drivers/STM32F1xx_HAL_Driver/Src/stm32f1xx_hal_pcd.o
                0x08000ed2                HAL_PCD_EP_Transmit
 *fill*         0x08000f12        0x2 
 .text.HAL_PCD_IRQHandler
                0x08000f14      0x4cc Drivers/STM32F1xx_HAL_Driver/Src/stm32f1xx_hal_pcd.o
                0x08000f14                HAL_PCD_IRQHandler
 .text.HAL_PCD_EP_SetStall
                0x080013e0       0x52 Drivers/STM32F1xx_HAL_Driver/Src/stm32f1xx_hal_pcd.o
                0x080013e0                HAL_PCD_EP_SetStall
 .text.HAL_PCD_EP_ClrStall
                0x08001432       0x46 Drivers/STM32F1xx_HAL_Driver/Src/stm32f1xx_hal_pcd.o
                0x08001432                HAL_PCD_EP_ClrStall
 .text.HAL_RCC_OscConfig
                0x08001478      0x4b0 Drivers/STM32F1xx_HAL_Driver/Src/stm32f1xx_hal_rcc.o
                0x08001478                HAL_RCC_OscConfig
 .text.HAL_RCC_GetSysClockFreq
                0x08001928       0x94 Drivers/STM32F1xx_HAL_Driver/Src/stm32f1xx_hal_rcc.o
                0x08001928                HAL_RCC_GetSysClockFreq
 .text.HAL_RCC_ClockConfig
                0x080019bc      0x168 Drivers/STM32F1xx_HAL_Driver/Src/stm32f1xx_hal_rcc.o
                0x080019bc                HAL_RCC_ClockConfig
 .text.HAL_RCC_GetHCLKFreq
                0x08001b24        0xc Drivers/STM32F1xx_HAL_Driver/Src/stm32f1xx_hal_rcc.o
                0x08001b24                HAL_RCC_GetHCLKFreq
 .text.HAL_RCC_GetPCLK1Freq
                0x08001b30       0x30 Drivers/STM32F1xx_HAL_Driver/Src/stm32f1xx_hal_rcc.o
                0x08001b30                HAL_RCC_GetPCLK1Freq
 .text.HAL_RCC_GetPCLK2Freq
                0x08001b60       0x30 Drivers/STM32F1xx_HAL_Driver/Src/stm32f1xx_hal_rcc.o
                0x08001b60                HAL_RCC_GetPCLK2Freq
 .text.HAL_RCCEx_PeriphCLKConfig
                0x08001b90      0x10c Drivers/STM32F1xx_HAL_Driver/Src/stm32f1xx_hal_rcc_ex.o
                0x08001b90                HAL_RCCEx_PeriphCLKConfig
 .text.HAL_RCCEx_GetPeriphCLKFreq
                0x08001c9c      0x110 Drivers/STM32F1xx_HAL_Driver/Src/stm32f1xx_hal_rcc_ex.o
                0x08001c9c                HAL_RCCEx_GetPeriphCLKFreq
 .text.RTC_ReadTimeCounter
                0x08001dac       0x24 Drivers/STM32F1xx_HAL_Driver/Src/stm32f1xx_hal_rtc.o
 .text.RTC_ReadAlarmCounter
                0x08001dd0        0xe Drivers/STM32F1xx_HAL_Driver/Src/stm32f1xx_hal_rtc.o
 .text.RTC_ByteToBcd2
                0x08001dde       0x16 Drivers/STM32F1xx_HAL_Driver/Src/stm32f1xx_hal_rtc.o
 .text.RTC_Bcd2ToByte
                0x08001df4       0x10 Drivers/STM32F1xx_HAL_Driver/Src/stm32f1xx_hal_rtc.o
 .text.RTC_WeekDayNum
                0x08001e04       0x4c Drivers/STM32F1xx_HAL_Driver/Src/stm32f1xx_hal_rtc.o
 .text.RTC_EnterInitMode
                0x08001e50       0x2e Drivers/STM32F1xx_HAL_Driver/Src/stm32f1xx_hal_rtc.o
 .text.RTC_ExitInitMode
                0x08001e7e       0x30 Drivers/STM32F1xx_HAL_Driver/Src/stm32f1xx_hal_rtc.o
 .text.RTC_WriteTimeCounter
                0x08001eae       0x28 Drivers/STM32F1xx_HAL_Driver/Src/stm32f1xx_hal_rtc.o
 .text.RTC_WriteAlarmCounter
                0x08001ed6       0x28 Drivers/STM32F1xx_HAL_Driver/Src/stm32f1xx_hal_rtc.o
 .text.HAL_RTC_MspInit
                0x08001efe        0x2 Drivers/STM32F1xx_HAL_Driver/Src/stm32f1xx_hal_rtc.o
                0x08001efe                HAL_RTC_MspInit
 .text.HAL_RTC_SetTime
                0x08001f00       0xa2 Drivers/STM32F1xx_HAL_Driver/Src/stm32f1xx_hal_rtc.o
                0x08001f00                HAL_RTC_SetTime
 *fill*         0x08001fa2        0x2 
 .text.HAL_RTC_GetTime
                0x08001fa4      0x16c Drivers/STM32F1xx_HAL_Driver/Src/stm32f1xx_hal_rtc.o
                0x08001fa4                HAL_RTC_GetTime
 .text.HAL_RTC_SetDate
                0x08002110       0xb0 Drivers/STM32F1xx_HAL_Driver/Src/stm32f1xx_hal_rtc.o
                0x08002110                HAL_RTC_SetDate
 .text.HAL_RTC_GetDate
                0x080021c0       0x58 Drivers/STM32F1xx_HAL_Driver/Src/stm32f1xx_hal_rtc.o
                0x080021c0                HAL_RTC_GetDate
 .text.HAL_RTC_SetAlarm_IT
                0x08002218       0xe0 Drivers/STM32F1xx_HAL_Driver/Src/stm32f1xx_hal_rtc.o
                0x08002218                HAL_RTC_SetAlarm_IT
 .text.HAL_RTC_GetAlarm
                0x080022f8       0x5a Drivers/STM32F1xx_HAL_Driver/Src/stm32f1xx_hal_rtc.o
                0x080022f8                HAL_RTC_GetAlarm
 .text.HAL_RTC_DeactivateAlarm
                0x08002352       0x6e Drivers/STM32F1xx_HAL_Driver/Src/stm32f1xx_hal_rtc.o
                0x08002352                HAL_RTC_DeactivateAlarm
 .text.HAL_RTC_AlarmAEventCallback
                0x080023c0        0x2 Drivers/STM32F1xx_HAL_Driver/Src/stm32f1xx_hal_rtc.o
                0x080023c0                HAL_RTC_AlarmAEventCallback
 *fill*         0x080023c2        0x2 
 .text.HAL_RTC_AlarmIRQHandler
                0x080023c4       0x30 Drivers/STM32F1xx_HAL_Driver/Src/stm32f1xx_hal_rtc.o
                0x080023c4                HAL_RTC_AlarmIRQHandler
 .text.HAL_RTC_WaitForSynchro
                0x080023f4       0x36 Drivers/STM32F1xx_HAL_Driver/Src/stm32f1xx_hal_rtc.o
                0x080023f4                HAL_RTC_WaitForSynchro
 *fill*         0x0800242a        0x2 
 .text.HAL_RTC_Init
                0x0800242c       0xa0 Drivers/STM32F1xx_HAL_Driver/Src/stm32f1xx_hal_rtc.o
                0x0800242c                HAL_RTC_Init
 .text.HAL_RTCEx_RTCEventCallback
                0x080024cc        0x2 Drivers/STM32F1xx_HAL_Driver/Src/stm32f1xx_hal_rtc_ex.o
                0x080024cc                HAL_RTCEx_RTCEventCallback
 .text.HAL_RTCEx_RTCEventErrorCallback
                0x080024ce        0x2 Drivers/STM32F1xx_HAL_Driver/Src/stm32f1xx_hal_rtc_ex.o
                0x080024ce                HAL_RTCEx_RTCEventErrorCallback
 .text.HAL_RTCEx_RTCIRQHandler
                0x080024d0       0x3a Drivers/STM32F1xx_HAL_Driver/Src/stm32f1xx_hal_rtc_ex.o
                0x080024d0                HAL_RTCEx_RTCIRQHandler
 *fill*         0x0800250a        0x2 
 .text.HAL_SPI_Init
                0x0800250c       0x7c Drivers/STM32F1xx_HAL_Driver/Src/stm32f1xx_hal_spi_ex.o
                0x0800250c                HAL_SPI_Init
 .text.UART_SetConfig
                0x08002588      0x13c Drivers/STM32F1xx_HAL_Driver/Src/stm32f1xx_hal_uart.o
 .text.HAL_UART_Init
                0x080026c4       0x58 Drivers/STM32F1xx_HAL_Driver/Src/stm32f1xx_hal_uart.o
                0x080026c4                HAL_UART_Init
 .text.HAL_UART_TxCpltCallback
                0x0800271c        0x2 Drivers/STM32F1xx_HAL_Driver/Src/stm32f1xx_hal_uart.o
                0x0800271c                HAL_UART_TxCpltCallback
 .text.HAL_UART_RxCpltCallback
                0x0800271e        0x2 Drivers/STM32F1xx_HAL_Driver/Src/stm32f1xx_hal_uart.o
                0x0800271e                HAL_UART_RxCpltCallback
 .text.HAL_UART_ErrorCallback
                0x08002720        0x2 Drivers/STM32F1xx_HAL_Driver/Src/stm32f1xx_hal_uart.o
                0x08002720                HAL_UART_ErrorCallback
 .text.HAL_UART_IRQHandler
                0x08002722      0x188 Drivers/STM32F1xx_HAL_Driver/Src/stm32f1xx_hal_uart.o
                0x08002722                HAL_UART_IRQHandler
 *fill*         0x080028aa        0x2 
 .text.USB_ActivateEndpoint
                0x080028ac      0x2e8 Drivers/STM32F1xx_HAL_Driver/Src/stm32f1xx_ll_usb.o
                0x080028ac                USB_ActivateEndpoint
 .text.USB_EPSetStall
                0x08002b94       0x64 Drivers/STM32F1xx_HAL_Driver/Src/stm32f1xx_ll_usb.o
                0x08002b94                USB_EPSetStall
 .text.USB_EPClearStall
                0x08002bf8       0x84 Drivers/STM32F1xx_HAL_Driver/Src/stm32f1xx_ll_usb.o
                0x08002bf8                USB_EPClearStall
 .text.USB_SetDevAddress
                0x08002c7c        0xc Drivers/STM32F1xx_HAL_Driver/Src/stm32f1xx_ll_usb.o
                0x08002c7c                USB_SetDevAddress
 .text.USB_ReadInterrupts
                0x08002c88        0x8 Drivers/STM32F1xx_HAL_Driver/Src/stm32f1xx_ll_usb.o
                0x08002c88                USB_ReadInterrupts
 .text.USB_EP0_OutStart
                0x08002c90        0x4 Drivers/STM32F1xx_HAL_Driver/Src/stm32f1xx_ll_usb.o
                0x08002c90                USB_EP0_OutStart
 .text.USB_WritePMA
                0x08002c94       0x22 Drivers/STM32F1xx_HAL_Driver/Src/stm32f1xx_ll_usb.o
                0x08002c94                USB_WritePMA
 *fill*         0x08002cb6        0x2 
 .text.USB_EPStartXfer
                0x08002cb8      0x1a8 Drivers/STM32F1xx_HAL_Driver/Src/stm32f1xx_ll_usb.o
                0x08002cb8                USB_EPStartXfer
 .text.USB_ReadPMA
                0x08002e60       0x22 Drivers/STM32F1xx_HAL_Driver/Src/stm32f1xx_ll_usb.o
                0x08002e60                USB_ReadPMA
 .text.USBD_SetClassConfig
                0x08002e82       0x16 Middlewares/ST/STM32_USB_Device_Library/Core/Src/usbd_core.o
                0x08002e82                USBD_SetClassConfig
 .text.USBD_ClrClassConfig
                0x08002e98        0xe Middlewares/ST/STM32_USB_Device_Library/Core/Src/usbd_core.o
                0x08002e98                USBD_ClrClassConfig
 .text.USBD_LL_SetupStage
                0x08002ea6       0x5a Middlewares/ST/STM32_USB_Device_Library/Core/Src/usbd_core.o
                0x08002ea6                USBD_LL_SetupStage
 .text.USBD_LL_DataOutStage
                0x08002f00       0x64 Middlewares/ST/STM32_USB_Device_Library/Core/Src/usbd_core.o
                0x08002f00                USBD_LL_DataOutStage
 .text.USBD_LL_DataInStage
                0x08002f64       0x9e Middlewares/ST/STM32_USB_Device_Library/Core/Src/usbd_core.o
                0x08002f64                USBD_LL_DataInStage
 .text.USBD_LL_Reset
                0x08003002       0x3e Middlewares/ST/STM32_USB_Device_Library/Core/Src/usbd_core.o
                0x08003002                USBD_LL_Reset
 .text.USBD_LL_SetSpeed
                0x08003040        0x6 Middlewares/ST/STM32_USB_Device_Library/Core/Src/usbd_core.o
                0x08003040                USBD_LL_SetSpeed
 .text.USBD_LL_Suspend
                0x08003046       0x12 Middlewares/ST/STM32_USB_Device_Library/Core/Src/usbd_core.o
                0x08003046                USBD_LL_Suspend
 .text.USBD_LL_Resume
                0x08003058        0xc Middlewares/ST/STM32_USB_Device_Library/Core/Src/usbd_core.o
                0x08003058                USBD_LL_Resume
 .text.USBD_LL_SOF
                0x08003064       0x18 Middlewares/ST/STM32_USB_Device_Library/Core/Src/usbd_core.o
                0x08003064                USBD_LL_SOF
 .text.USBD_CtlError.constprop.0
                0x0800307c       0x16 Middlewares/ST/STM32_USB_Device_Library/Core/Src/usbd_ctlreq.o
 *fill*         0x08003092        0x2 
 .text.USBD_StdDevReq
                0x08003094      0x1f4 Middlewares/ST/STM32_USB_Device_Library/Core/Src/usbd_ctlreq.o
                0x08003094                USBD_StdDevReq
 .text.USBD_StdItfReq
                0x08003288       0x30 Middlewares/ST/STM32_USB_Device_Library/Core/Src/usbd_ctlreq.o
                0x08003288                USBD_StdItfReq
 .text.USBD_StdEPReq
                0x080032b8       0xc6 Middlewares/ST/STM32_USB_Device_Library/Core/Src/usbd_ctlreq.o
                0x080032b8                USBD_StdEPReq
 .text.USBD_ParseSetupRequest
                0x0800337e       0x28 Middlewares/ST/STM32_USB_Device_Library/Core/Src/usbd_ctlreq.o
                0x0800337e                USBD_ParseSetupRequest
 .text.USBD_CtlSendData
                0x080033a6       0x1a Middlewares/ST/STM32_USB_Device_Library/Core/Src/usbd_ioreq.o
                0x080033a6                USBD_CtlSendData
 .text.USBD_CtlContinueSendData
                0x080033c0       0x10 Middlewares/ST/STM32_USB_Device_Library/Core/Src/usbd_ioreq.o
                0x080033c0                USBD_CtlContinueSendData
 .text.USBD_CtlContinueRx
                0x080033d0       0x10 Middlewares/ST/STM32_USB_Device_Library/Core/Src/usbd_ioreq.o
                0x080033d0                USBD_CtlContinueRx
 .text.USBD_CtlSendStatus
                0x080033e0       0x16 Middlewares/ST/STM32_USB_Device_Library/Core/Src/usbd_ioreq.o
                0x080033e0                USBD_CtlSendStatus
 .text.USBD_CtlReceiveStatus
                0x080033f6       0x16 Middlewares/ST/STM32_USB_Device_Library/Core/Src/usbd_ioreq.o
                0x080033f6                USBD_CtlReceiveStatus
 .text.osThreadCreate
                0x0800340c       0x32 Middlewares/Third_Party/FreeRTOS/Source/CMSIS_RTOS/cmsis_os.o
                0x0800340c                osThreadCreate
 .text.osDelay  0x0800343e       0x10 Middlewares/Third_Party/FreeRTOS/Source/CMSIS_RTOS/cmsis_os.o
                0x0800343e                osDelay
 .text.osSystickHandler
                0x0800344e       0x14 Middlewares/Third_Party/FreeRTOS/Source/CMSIS_RTOS/cmsis_os.o
                0x0800344e                osSystickHandler
 .text.vListInitialise
                0x08003462       0x16 Middlewares/Third_Party/FreeRTOS/Source/list.o
                0x08003462                vListInitialise
 .text.vListInitialiseItem
                0x08003478        0x6 Middlewares/Third_Party/FreeRTOS/Source/list.o
                0x08003478                vListInitialiseItem
 .text.vListInsertEnd
                0x0800347e       0x18 Middlewares/Third_Party/FreeRTOS/Source/list.o
                0x0800347e                vListInsertEnd
 .text.vListInsert
                0x08003496       0x2e Middlewares/Third_Party/FreeRTOS/Source/list.o
                0x08003496                vListInsert
 .text.uxListRemove
                0x080034c4       0x20 Middlewares/Third_Party/FreeRTOS/Source/list.o
                0x080034c4                uxListRemove
 .text.prvResetNextTaskUnblockTime
                0x080034e4       0x20 Middlewares/Third_Party/FreeRTOS/Source/tasks.o
 .text.prvAddCurrentTaskToDelayedList
                0x08003504       0x6c Middlewares/Third_Party/FreeRTOS/Source/tasks.o
 .text.xTaskCreate
                0x08003570      0x174 Middlewares/Third_Party/FreeRTOS/Source/tasks.o
                0x08003570                xTaskCreate
 .text.vTaskSuspendAll
                0x080036e4       0x14 Middlewares/Third_Party/FreeRTOS/Source/tasks.o
                0x080036e4                vTaskSuspendAll
 .text.xTaskIncrementTick
                0x080036f8       0xe4 Middlewares/Third_Party/FreeRTOS/Source/tasks.o
                0x080036f8                xTaskIncrementTick
 .text.xTaskResumeAll
                0x080037dc       0xd4 Middlewares/Third_Party/FreeRTOS/Source/tasks.o
                0x080037dc                xTaskResumeAll
 .text.vTaskDelay
                0x080038b0       0x4c Middlewares/Third_Party/FreeRTOS/Source/tasks.o
                0x080038b0                vTaskDelay
 .text.vTaskSwitchContext
                0x080038fc       0x68 Middlewares/Third_Party/FreeRTOS/Source/tasks.o
                0x080038fc                vTaskSwitchContext
 .text.xTaskGetSchedulerState
                0x08003964       0x20 Middlewares/Third_Party/FreeRTOS/Source/tasks.o
                0x08003964                xTaskGetSchedulerState
 .text.prvTaskExitError
                0x08003984       0x30 Middlewares/Third_Party/FreeRTOS/Source/portable/GCC/ARM_CM3/port.o
 .text.pxPortInitialiseStack
                0x080039b4       0x24 Middlewares/Third_Party/FreeRTOS/Source/portable/GCC/ARM_CM3/port.o
                0x080039b4                pxPortInitialiseStack
 *fill*         0x080039d8        0x8 
 .text.SVC_Handler
                0x080039e0       0x24 Middlewares/Third_Party/FreeRTOS/Source/portable/GCC/ARM_CM3/port.o
                0x080039e0                SVC_Handler
 .text.vPortEnterCritical
                0x08003a04       0x44 Middlewares/Third_Party/FreeRTOS/Source/portable/GCC/ARM_CM3/port.o
                0x08003a04                vPortEnterCritical
 .text.vPortExitCritical
                0x08003a48       0x28 Middlewares/Third_Party/FreeRTOS/Source/portable/GCC/ARM_CM3/port.o
                0x08003a48                vPortExitCritical
 .text.PendSV_Handler
                0x08003a70       0x44 Middlewares/Third_Party/FreeRTOS/Source/portable/GCC/ARM_CM3/port.o
                0x08003a70                PendSV_Handler
 .text.xPortSysTickHandler
                0x08003ab4       0x2c Middlewares/Third_Party/FreeRTOS/Source/portable/GCC/ARM_CM3/port.o
                0x08003ab4                xPortSysTickHandler
 .text.unlikely.prvInsertBlockIntoFreeList
                0x08003ae0       0x44 Middlewares/Third_Party/FreeRTOS/Source/portable/MemMang/heap_4.o
 .text.pvPortMalloc
                0x08003b24      0x110 Middlewares/Third_Party/FreeRTOS/Source/portable/MemMang/heap_4.o
                0x08003b24                pvPortMalloc
 .text.vPortFree
                0x08003c34       0x70 Middlewares/Third_Party/FreeRTOS/Source/portable/MemMang/heap_4.o
                0x08003c34                vPortFree
 .text.DelayMs  0x08003ca4        0x4 Src/BaseSystem/delay.o
                0x08003ca4                DelayMs
 .text.MX_GPIO_Init
                0x08003ca8       0xa8 Src/BaseSystem/gpio.o
                0x08003ca8                MX_GPIO_Init
 .text.GpioMcuSetInterrupt
                0x08003d50       0x88 Src/BaseSystem/gpio.o
                0x08003d50                GpioMcuSetInterrupt
 .text.GpioMcuWrite
                0x08003dd8       0x14 Src/BaseSystem/gpio.o
                0x08003dd8                GpioMcuWrite
 .text.GpioMcuInit
                0x08003dec       0xf0 Src/BaseSystem/gpio.o
                0x08003dec                GpioMcuInit
 .text.EXTI0_IRQHandler
                0x08003edc        0x6 Src/BaseSystem/gpio.o
                0x08003edc                EXTI0_IRQHandler
 .text.EXTI1_IRQHandler
                0x08003ee2        0x6 Src/BaseSystem/gpio.o
                0x08003ee2                EXTI1_IRQHandler
 .text.EXTI2_IRQHandler
                0x08003ee8        0x6 Src/BaseSystem/gpio.o
                0x08003ee8                EXTI2_IRQHandler
 .text.EXTI3_IRQHandler
                0x08003eee        0x6 Src/BaseSystem/gpio.o
                0x08003eee                EXTI3_IRQHandler
 .text.EXTI4_IRQHandler
                0x08003ef4        0x6 Src/BaseSystem/gpio.o
                0x08003ef4                EXTI4_IRQHandler
 .text.EXTI9_5_IRQHandler
                0x08003efa        0x2 Src/BaseSystem/gpio.o
                0x08003efa                EXTI9_5_IRQHandler
 .text.EXTI15_10_IRQHandler
                0x08003efc        0x2 Src/BaseSystem/gpio.o
                0x08003efc                EXTI15_10_IRQHandler
 *fill*         0x08003efe        0x2 
 .text.HAL_GPIO_EXTI_Callback
                0x08003f00       0x28 Src/BaseSystem/gpio.o
                0x08003f00                HAL_GPIO_EXTI_Callback
 .text.GpioInit
                0x08003f28       0x1a Src/BaseSystem/gpio.o
                0x08003f28                GpioInit
 .text.GpioSetInterrupt
                0x08003f42       0x18 Src/BaseSystem/gpio.o
                0x08003f42                GpioSetInterrupt
 .text.GpioWrite
                0x08003f5a       0x12 Src/BaseSystem/gpio.o
                0x08003f5a                GpioWrite
 .text.RtcGetCalendar
                0x08003f6c       0x5c Src/BaseSystem/rtc.o
 .text.RtcConvertCalendarTickToTimerTime
                0x08003fc8      0x150 Src/BaseSystem/rtc.o
 .text.RtcInit  0x08004118       0x84 Src/BaseSystem/rtc.o
                0x08004118                RtcInit
 *fill*         0x0800419c        0x4 
 .text.RtcSetTimeout
                0x080041a0      0x1cc Src/BaseSystem/rtc.o
                0x080041a0                RtcSetTimeout
 .text.RtcGetAdjustedTimeoutValue
                0x0800436c       0x3c Src/BaseSystem/rtc.o
                0x0800436c                RtcGetAdjustedTimeoutValue
 .text.RtcGetElapsedAlarmTime
                0x080043a8       0x20 Src/BaseSystem/rtc.o
                0x080043a8                RtcGetElapsedAlarmTime
 .text.RtcRecoverMcuStatus
                0x080043c8       0x2c Src/BaseSystem/rtc.o
                0x080043c8                RtcRecoverMcuStatus
 *fill*         0x080043f4        0x4 
 .text.RTC_Alarm_IRQHandler
                0x080043f8       0x9c Src/BaseSystem/rtc.o
                0x080043f8                RTC_Alarm_IRQHandler
 .text.HAL_SPI_MspInit
                0x08004494       0x54 Src/BaseSystem/spi.o
                0x08004494                HAL_SPI_MspInit
 .text.SpiFrequency
                0x080044e8       0x44 Src/BaseSystem/spi.o
                0x080044e8                SpiFrequency
 .text.SpiInit  0x0800452c       0xdc Src/BaseSystem/spi.o
                0x0800452c                SpiInit
 .text.SpiGetFlag
                0x08004608        0xe Src/BaseSystem/spi.o
                0x08004608                SpiGetFlag
 .text.SpiInOut
                0x08004616       0x36 Src/BaseSystem/spi.o
                0x08004616                SpiInOut
 .text.HAL_MspInit
                0x0800464c       0x8c Src/BaseSystem/stm32f1xx_hal_msp.o
                0x0800464c                HAL_MspInit
 .text.NMI_Handler
                0x080046d8        0x2 Src/BaseSystem/stm32f1xx_it.o
                0x080046d8                NMI_Handler
 .text.HardFault_Handler
                0x080046da        0x2 Src/BaseSystem/stm32f1xx_it.o
                0x080046da                HardFault_Handler
 .text.MemManage_Handler
                0x080046dc        0x2 Src/BaseSystem/stm32f1xx_it.o
                0x080046dc                MemManage_Handler
 .text.BusFault_Handler
                0x080046de        0x2 Src/BaseSystem/stm32f1xx_it.o
                0x080046de                BusFault_Handler
 .text.UsageFault_Handler
                0x080046e0        0x2 Src/BaseSystem/stm32f1xx_it.o
                0x080046e0                UsageFault_Handler
 .text.DebugMon_Handler
                0x080046e2        0x2 Src/BaseSystem/stm32f1xx_it.o
                0x080046e2                DebugMon_Handler
 .text.SysTick_Handler
                0x080046e4       0x12 Src/BaseSystem/stm32f1xx_it.o
                0x080046e4                SysTick_Handler
 *fill*         0x080046f6        0x2 
 .text.RTC_IRQHandler
                0x080046f8        0xc Src/BaseSystem/stm32f1xx_it.o
                0x080046f8                RTC_IRQHandler
 .text.USB_LP_CAN1_RX0_IRQHandler
                0x08004704        0xc Src/BaseSystem/stm32f1xx_it.o
                0x08004704                USB_LP_CAN1_RX0_IRQHandler
 .text.USART1_IRQHandler
                0x08004710       0x9c Src/BaseSystem/stm32f1xx_it.o
                0x08004710                USART1_IRQHandler
 .text.SystemInit
                0x080047ac       0x4c Src/BaseSystem/system_stm32f1xx.o
                0x080047ac                SystemInit
 .text.TimerSetTimeout.isra.0
                0x080047f8       0x20 Src/BaseSystem/timer.o
 .text.TimerInsertNewHeadTimer
                0x08004818       0x24 Src/BaseSystem/timer.o
 .text.TimerInit
                0x0800483c        0xe Src/BaseSystem/timer.o
                0x0800483c                TimerInit
 *fill*         0x0800484a        0x2 
 .text.TimerStart
                0x0800484c       0x8c Src/BaseSystem/timer.o
                0x0800484c                TimerStart
 .text.TimerIrqHandler
                0x080048d8       0x58 Src/BaseSystem/timer.o
                0x080048d8                TimerIrqHandler
 .text.TimerStop
                0x08004930       0x80 Src/BaseSystem/timer.o
                0x08004930                TimerStop
 .text.TimerReset
                0x080049b0       0x12 Src/BaseSystem/timer.o
                0x080049b0                TimerReset
 .text.TimerSetValue
                0x080049c2       0x10 Src/BaseSystem/timer.o
                0x080049c2                TimerSetValue
 *fill*         0x080049d2        0x2 
 .text.TimerLowPowerHandler
                0x080049d4       0x20 Src/BaseSystem/timer.o
                0x080049d4                TimerLowPowerHandler
 .text.HAL_PCD_SetupStageCallback
                0x080049f4        0xc Src/BaseSystem/usbd_conf.o
                0x080049f4                HAL_PCD_SetupStageCallback
 .text.HAL_PCD_DataOutStageCallback
                0x08004a00       0x10 Src/BaseSystem/usbd_conf.o
                0x08004a00                HAL_PCD_DataOutStageCallback
 .text.HAL_PCD_DataInStageCallback
                0x08004a10        0xe Src/BaseSystem/usbd_conf.o
                0x08004a10                HAL_PCD_DataInStageCallback
 .text.HAL_PCD_SOFCallback
                0x08004a1e        0x8 Src/BaseSystem/usbd_conf.o
                0x08004a1e                HAL_PCD_SOFCallback
 .text.HAL_PCD_ResetCallback
                0x08004a26       0x1a Src/BaseSystem/usbd_conf.o
                0x08004a26                HAL_PCD_ResetCallback
 .text.HAL_PCD_SuspendCallback
                0x08004a40       0x20 Src/BaseSystem/usbd_conf.o
                0x08004a40                HAL_PCD_SuspendCallback
 .text.HAL_PCD_ResumeCallback
                0x08004a60        0x8 Src/BaseSystem/usbd_conf.o
                0x08004a60                HAL_PCD_ResumeCallback
 .text.USBD_LL_OpenEP
                0x08004a68       0x14 Src/BaseSystem/usbd_conf.o
                0x08004a68                USBD_LL_OpenEP
 .text.USBD_LL_StallEP
                0x08004a7c        0xe Src/BaseSystem/usbd_conf.o
                0x08004a7c                USBD_LL_StallEP
 .text.USBD_LL_ClearStallEP
                0x08004a8a        0xe Src/BaseSystem/usbd_conf.o
                0x08004a8a                USBD_LL_ClearStallEP
 .text.USBD_LL_IsStallEP
                0x08004a98       0x20 Src/BaseSystem/usbd_conf.o
                0x08004a98                USBD_LL_IsStallEP
 .text.USBD_LL_SetUSBAddress
                0x08004ab8        0xe Src/BaseSystem/usbd_conf.o
                0x08004ab8                USBD_LL_SetUSBAddress
 .text.USBD_LL_Transmit
                0x08004ac6        0xe Src/BaseSystem/usbd_conf.o
                0x08004ac6                USBD_LL_Transmit
 .text.USBD_LL_PrepareReceive
                0x08004ad4        0xe Src/BaseSystem/usbd_conf.o
                0x08004ad4                USBD_LL_PrepareReceive
 .text.memcpy1  0x08004ae2       0x14 Src/BaseSystem/utilities.o
                0x08004ae2                memcpy1
 *fill*         0x08004af6        0x2 
 .text.OnCalibrateSystemWakeupTimeTimerEvent
                0x08004af8        0xc Src/main.o
 .text.StartDefaultTask
                0x08004b04       0x38 Src/main.o
                0x08004b04                StartDefaultTask
 .text.MyTimerEventHandler
                0x08004b3c       0x38 Src/main.o
                0x08004b3c                MyTimerEventHandler
 .text.HAL_SYSTICK_Callback
                0x08004b74        0x2 Src/main.o
                0x08004b74                HAL_SYSTICK_Callback
 *fill*         0x08004b76        0x2 
 .text.CalibrateSystemWakeupTime
                0x08004b78       0x3c Src/main.o
                0x08004b78                CalibrateSystemWakeupTime
 .text.Error_Handler
                0x08004bb4       0x1c Src/main.o
                0x08004bb4                Error_Handler
 .text.SystemClock_Config
                0x08004bd0       0x8a Src/main.o
                0x08004bd0                SystemClock_Config
 *fill*         0x08004c5a        0x2 
 .text.startup.main
                0x08004c5c      0x174 Src/main.o
                0x08004c5c                main
 .text.OnTxDone
                0x08004dd0       0x1c Src/network/LoRa/rmss_lora_mac.o
                0x08004dd0                OnTxDone
 .text.OnTxTimeout
                0x08004dec        0xc Src/network/LoRa/rmss_lora_mac.o
                0x08004dec                OnTxTimeout
 .text.OnRxTimeout
                0x08004df8       0x1c Src/network/LoRa/rmss_lora_mac.o
                0x08004df8                OnRxTimeout
 .text.OnRxError
                0x08004e14        0xc Src/network/LoRa/rmss_lora_mac.o
                0x08004e14                OnRxError
 .text.OnRxDone
                0x08004e20       0x64 Src/network/LoRa/rmss_lora_mac.o
                0x08004e20                OnRxDone
 .text.RMSS_MAC_Init
                0x08004e84       0xe8 Src/network/LoRa/rmss_lora_mac.o
                0x08004e84                RMSS_MAC_Init
 .text.SX1276CheckRfFrequency
                0x08004f6c        0x4 Src/network/LoRa/sx1276-ubiboard.o
                0x08004f6c                SX1276CheckRfFrequency
 .text.SX1276IoInit
                0x08004f70       0x7c Src/network/LoRa/sx1276-ubiboard.o
                0x08004f70                SX1276IoInit
 .text.SX1276IoIrqInit
                0x08004fec       0x54 Src/network/LoRa/sx1276-ubiboard.o
                0x08004fec                SX1276IoIrqInit
 .text.SX1276GetPaSelect
                0x08005040       0x10 Src/network/LoRa/sx1276-ubiboard.o
                0x08005040                SX1276GetPaSelect
 .text.SX1276AntSwInit
                0x08005050       0x30 Src/network/LoRa/sx1276-ubiboard.o
                0x08005050                SX1276AntSwInit
 .text.SX1276AntSwDeInit
                0x08005080       0x30 Src/network/LoRa/sx1276-ubiboard.o
                0x08005080                SX1276AntSwDeInit
 .text.SX1276SetAntSwLowPower
                0x080050b0       0x1c Src/network/LoRa/sx1276-ubiboard.o
                0x080050b0                SX1276SetAntSwLowPower
 .text.SX1276SetAntSw
                0x080050cc       0x30 Src/network/LoRa/sx1276-ubiboard.o
                0x080050cc                SX1276SetAntSw
 .text.board_print
                0x080050fc       0x1c Src/network/LoRa/sx1276-ubiboard.o
                0x080050fc                board_print
 .text.GetFskBandwidthRegValue
                0x08005118       0x28 Src/network/LoRa/sx1276.o
 .text.SX1276OnDio4Irq
                0x08005140       0x1c Src/network/LoRa/sx1276.o
                0x08005140                SX1276OnDio4Irq
 .text.SX1276GetStatus
                0x0800515c        0xc Src/network/LoRa/sx1276.o
                0x0800515c                SX1276GetStatus
 .text.SX1276Reset
                0x08005168       0x40 Src/network/LoRa/sx1276.o
                0x08005168                SX1276Reset
 .text.SX1276WriteBuffer
                0x080051a8       0x48 Src/network/LoRa/sx1276.o
                0x080051a8                SX1276WriteBuffer
 .text.SX1276Write
                0x080051f0       0x16 Src/network/LoRa/sx1276.o
                0x080051f0                SX1276Write
 *fill*         0x08005206        0x2 
 .text.SX1276SetChannel
                0x08005208       0x4c Src/network/LoRa/sx1276.o
                0x08005208                SX1276SetChannel
 .text.SX1276ReadBuffer
                0x08005254       0x48 Src/network/LoRa/sx1276.o
                0x08005254                SX1276ReadBuffer
 .text.SX1276Read
                0x0800529c       0x16 Src/network/LoRa/sx1276.o
                0x0800529c                SX1276Read
 *fill*         0x080052b2        0x6 
 .text.SX1276GetTimeOnAir
                0x080052b8      0x1f0 Src/network/LoRa/sx1276.o
                0x080052b8                SX1276GetTimeOnAir
 .text.SX1276ReadRssi
                0x080054a8       0x44 Src/network/LoRa/sx1276.o
                0x080054a8                SX1276ReadRssi
 .text.SX1276SetOpMode
                0x080054ec       0x36 Src/network/LoRa/sx1276.o
                0x080054ec                SX1276SetOpMode
 *fill*         0x08005522        0x2 
 .text.SX1276SetSleep
                0x08005524       0x2c Src/network/LoRa/sx1276.o
                0x08005524                SX1276SetSleep
 .text.SX1276SetStby
                0x08005550       0x2c Src/network/LoRa/sx1276.o
                0x08005550                SX1276SetStby
 *fill*         0x0800557c        0x4 
 .text.SX1276SetRx
                0x08005580      0x2ec Src/network/LoRa/sx1276.o
                0x08005580                SX1276SetRx
 .text.SX1276SetTx
                0x0800586c       0xa0 Src/network/LoRa/sx1276.o
                0x0800586c                SX1276SetTx
 .text.SX1276StartCad
                0x0800590c       0x3c Src/network/LoRa/sx1276.o
                0x0800590c                SX1276StartCad
 .text.SX1276SetModem
                0x08005948       0x6c Src/network/LoRa/sx1276.o
                0x08005948                SX1276SetModem
 *fill*         0x080059b4        0x4 
 .text.SX1276Init
                0x080059b8      0x114 Src/network/LoRa/sx1276.o
                0x080059b8                SX1276Init
 .text.SX1276IsChannelFree
                0x08005acc       0x34 Src/network/LoRa/sx1276.o
                0x08005acc                SX1276IsChannelFree
 .text.SX1276Random
                0x08005b00       0x3e Src/network/LoRa/sx1276.o
                0x08005b00                SX1276Random
 *fill*         0x08005b3e        0x2 
 .text.SX1276SetRxConfig
                0x08005b40      0x2a8 Src/network/LoRa/sx1276.o
                0x08005b40                SX1276SetRxConfig
 .text.SX1276SetTxConfig
                0x08005de8      0x2f4 Src/network/LoRa/sx1276.o
                0x08005de8                SX1276SetTxConfig
 .text.SX1276OnTimeoutIrq
                0x080060dc       0x94 Src/network/LoRa/sx1276.o
                0x080060dc                SX1276OnTimeoutIrq
 .text.SX1276OnDio2Irq
                0x08006170       0xcc Src/network/LoRa/sx1276.o
                0x08006170                SX1276OnDio2Irq
 .text.SX1276OnDio3Irq
                0x0800623c       0x54 Src/network/LoRa/sx1276.o
                0x0800623c                SX1276OnDio3Irq
 .text.SX1276WriteFifo
                0x08006290        0xa Src/network/LoRa/sx1276.o
                0x08006290                SX1276WriteFifo
 *fill*         0x0800629a        0x2 
 .text.SX1276Send
                0x0800629c      0x100 Src/network/LoRa/sx1276.o
                0x0800629c                SX1276Send
 .text.SX1276ReadFifo
                0x0800639c        0xa Src/network/LoRa/sx1276.o
                0x0800639c                SX1276ReadFifo
 *fill*         0x080063a6        0x2 
 .text.SX1276OnDio0Irq
                0x080063a8      0x250 Src/network/LoRa/sx1276.o
                0x080063a8                SX1276OnDio0Irq
 .text.SX1276OnDio1Irq
                0x080065f8       0xf0 Src/network/LoRa/sx1276.o
                0x080065f8                SX1276OnDio1Irq
 .text.SX1276SetMaxPayloadLength
                0x080066e8       0x34 Src/network/LoRa/sx1276.o
                0x080066e8                SX1276SetMaxPayloadLength
 .text.MX_USART1_Init
                0x0800671c       0x50 Src/network/comport/usart.o
                0x0800671c                MX_USART1_Init
 .text.HAL_UART_MspInit
                0x0800676c       0x58 Src/network/comport/usart.o
                0x0800676c                HAL_UART_MspInit
 .text.Uart1_SendData
                0x080067c4       0x1a Src/network/comport/usart.o
                0x080067c4                Uart1_SendData
 *fill*         0x080067de        0x2 
 .text.Reset_Handler
                0x080067e0       0x48 startup/startup_stm32f103xb.o
                0x080067e0                Reset_Handler
 .text.Default_Handler
                0x08006828        0x2 startup/startup_stm32f103xb.o
                0x08006828                TIM1_CC_IRQHandler
                0x08006828                PVD_IRQHandler
                0x08006828                I2C2_EV_IRQHandler
                0x08006828                ADC1_2_IRQHandler
                0x08006828                SPI1_IRQHandler
                0x08006828                TAMPER_IRQHandler
                0x08006828                DMA1_Channel4_IRQHandler
                0x08006828                USART3_IRQHandler
                0x08006828                DMA1_Channel7_IRQHandler
                0x08006828                CAN1_RX1_IRQHandler
                0x08006828                TIM4_IRQHandler
                0x08006828                I2C1_EV_IRQHandler
                0x08006828                DMA1_Channel6_IRQHandler
                0x08006828                TIM3_IRQHandler
                0x08006828                RCC_IRQHandler
                0x08006828                TIM1_TRG_COM_IRQHandler
                0x08006828                DMA1_Channel1_IRQHandler
                0x08006828                Default_Handler
                0x08006828                SPI2_IRQHandler
                0x08006828                DMA1_Channel5_IRQHandler
                0x08006828                USB_HP_CAN1_TX_IRQHandler
                0x08006828                DMA1_Channel3_IRQHandler
                0x08006828                TIM1_UP_IRQHandler
                0x08006828                WWDG_IRQHandler
                0x08006828                TIM2_IRQHandler
                0x08006828                TIM1_BRK_IRQHandler
                0x08006828                USART2_IRQHandler
                0x08006828                I2C2_ER_IRQHandler
                0x08006828                DMA1_Channel2_IRQHandler
                0x08006828                CAN1_SCE_IRQHandler
                0x08006828                FLASH_IRQHandler
                0x08006828                I2C1_ER_IRQHandler
                0x08006828                USBWakeUp_IRQHandler
 *fill*         0x0800682a        0x6 
 .text.ceil     0x08006830      0x120 c:/ac6/systemworkbench/plugins/fr.ac6.mcu.externaltools.arm-none.win32_1.15.0.201708311556/tools/compiler/bin/../lib/gcc/arm-none-eabi/6.3.1/../../../../arm-none-eabi/lib/thumb/v7-m\libm.a(lib_a-s_ceil.o)
                0x08006830                ceil
 .text.floor    0x08006950      0x118 c:/ac6/systemworkbench/plugins/fr.ac6.mcu.externaltools.arm-none.win32_1.15.0.201708311556/tools/compiler/bin/../lib/gcc/arm-none-eabi/6.3.1/../../../../arm-none-eabi/lib/thumb/v7-m\libm.a(lib_a-s_floor.o)
                0x08006950                floor
 .text.round    0x08006a68       0xa0 c:/ac6/systemworkbench/plugins/fr.ac6.mcu.externaltools.arm-none.win32_1.15.0.201708311556/tools/compiler/bin/../lib/gcc/arm-none-eabi/6.3.1/../../../../arm-none-eabi/lib/thumb/v7-m\libm.a(lib_a-s_round.o)
                0x08006a68                round
 .text.__libc_init_array
                0x08006b08       0x48 c:/ac6/systemworkbench/plugins/fr.ac6.mcu.externaltools.arm-none.win32_1.15.0.201708311556/tools/compiler/bin/../lib/gcc/arm-none-eabi/6.3.1/../../../../arm-none-eabi/lib/thumb/v7-m\libc_nano.a(lib_a-init.o)
                0x08006b08                __libc_init_array
 .text.memcpy   0x08006b50       0x16 c:/ac6/systemworkbench/plugins/fr.ac6.mcu.externaltools.arm-none.win32_1.15.0.201708311556/tools/compiler/bin/../lib/gcc/arm-none-eabi/6.3.1/../../../../arm-none-eabi/lib/thumb/v7-m\libc_nano.a(lib_a-memcpy-stub.o)
                0x08006b50                memcpy
 .text.memset   0x08006b66       0x10 c:/ac6/systemworkbench/plugins/fr.ac6.mcu.externaltools.arm-none.win32_1.15.0.201708311556/tools/compiler/bin/../lib/gcc/arm-none-eabi/6.3.1/../../../../arm-none-eabi/lib/thumb/v7-m\libc_nano.a(lib_a-memset.o)
                0x08006b66                memset
 *fill*         0x08006b76        0x2 
 .text.sprintf  0x08006b78       0x48 c:/ac6/systemworkbench/plugins/fr.ac6.mcu.externaltools.arm-none.win32_1.15.0.201708311556/tools/compiler/bin/../lib/gcc/arm-none-eabi/6.3.1/../../../../arm-none-eabi/lib/thumb/v7-m\libc_nano.a(lib_a-sprintf.o)
                0x08006b78                siprintf
                0x08006b78                sprintf
 .text.__ssputs_r
                0x08006bc0       0xb6 c:/ac6/systemworkbench/plugins/fr.ac6.mcu.externaltools.arm-none.win32_1.15.0.201708311556/tools/compiler/bin/../lib/gcc/arm-none-eabi/6.3.1/../../../../arm-none-eabi/lib/thumb/v7-m\libc_nano.a(lib_a-nano-svfprintf.o)
                0x08006bc0                __ssputs_r
 *fill*         0x08006c76        0x2 
 .text._svfprintf_r
                0x08006c78      0x1e8 c:/ac6/systemworkbench/plugins/fr.ac6.mcu.externaltools.arm-none.win32_1.15.0.201708311556/tools/compiler/bin/../lib/gcc/arm-none-eabi/6.3.1/../../../../arm-none-eabi/lib/thumb/v7-m\libc_nano.a(lib_a-nano-svfprintf.o)
                0x08006c78                _svfiprintf_r
                0x08006c78                _svfprintf_r
 .text._printf_common
                0x08006e60       0xee c:/ac6/systemworkbench/plugins/fr.ac6.mcu.externaltools.arm-none.win32_1.15.0.201708311556/tools/compiler/bin/../lib/gcc/arm-none-eabi/6.3.1/../../../../arm-none-eabi/lib/thumb/v7-m\libc_nano.a(lib_a-nano-vfprintf_i.o)
                0x08006e60                _printf_common
 *fill*         0x08006f4e        0x2 
 .text._printf_i
                0x08006f50      0x240 c:/ac6/systemworkbench/plugins/fr.ac6.mcu.externaltools.arm-none.win32_1.15.0.201708311556/tools/compiler/bin/../lib/gcc/arm-none-eabi/6.3.1/../../../../arm-none-eabi/lib/thumb/v7-m\libc_nano.a(lib_a-nano-vfprintf_i.o)
                0x08006f50                _printf_i
 .text.memchr   0x08007190       0x1c c:/ac6/systemworkbench/plugins/fr.ac6.mcu.externaltools.arm-none.win32_1.15.0.201708311556/tools/compiler/bin/../lib/gcc/arm-none-eabi/6.3.1/../../../../arm-none-eabi/lib/thumb/v7-m\libc_nano.a(lib_a-memchr-stub.o)
                0x08007190                memchr
 .text.memmove  0x080071ac       0x34 c:/ac6/systemworkbench/plugins/fr.ac6.mcu.externaltools.arm-none.win32_1.15.0.201708311556/tools/compiler/bin/../lib/gcc/arm-none-eabi/6.3.1/../../../../arm-none-eabi/lib/thumb/v7-m\libc_nano.a(lib_a-memmove.o)
                0x080071ac                memmove
 .text._free_r  0x080071e0       0x98 c:/ac6/systemworkbench/plugins/fr.ac6.mcu.externaltools.arm-none.win32_1.15.0.201708311556/tools/compiler/bin/../lib/gcc/arm-none-eabi/6.3.1/../../../../arm-none-eabi/lib/thumb/v7-m\libc_nano.a(lib_a-nano-freer.o)
                0x080071e0                _free_r
 .text._malloc_r
                0x08007278       0xbc c:/ac6/systemworkbench/plugins/fr.ac6.mcu.externaltools.arm-none.win32_1.15.0.201708311556/tools/compiler/bin/../lib/gcc/arm-none-eabi/6.3.1/../../../../arm-none-eabi/lib/thumb/v7-m\libc_nano.a(lib_a-nano-mallocr.o)
                0x08007278                _malloc_r
 .text._realloc_r
                0x08007334       0x4c c:/ac6/systemworkbench/plugins/fr.ac6.mcu.externaltools.arm-none.win32_1.15.0.201708311556/tools/compiler/bin/../lib/gcc/arm-none-eabi/6.3.1/../../../../arm-none-eabi/lib/thumb/v7-m\libc_nano.a(lib_a-nano-reallocr.o)
                0x08007334                _realloc_r
 .text._sbrk_r  0x08007380       0x20 c:/ac6/systemworkbench/plugins/fr.ac6.mcu.externaltools.arm-none.win32_1.15.0.201708311556/tools/compiler/bin/../lib/gcc/arm-none-eabi/6.3.1/../../../../arm-none-eabi/lib/thumb/v7-m\libc_nano.a(lib_a-sbrkr.o)
                0x08007380                _sbrk_r
 .text.__malloc_lock
                0x080073a0        0x2 c:/ac6/systemworkbench/plugins/fr.ac6.mcu.externaltools.arm-none.win32_1.15.0.201708311556/tools/compiler/bin/../lib/gcc/arm-none-eabi/6.3.1/../../../../arm-none-eabi/lib/thumb/v7-m\libc_nano.a(lib_a-mlock.o)
                0x080073a0                __malloc_lock
 .text.__malloc_unlock
                0x080073a2        0x2 c:/ac6/systemworkbench/plugins/fr.ac6.mcu.externaltools.arm-none.win32_1.15.0.201708311556/tools/compiler/bin/../lib/gcc/arm-none-eabi/6.3.1/../../../../arm-none-eabi/lib/thumb/v7-m\libc_nano.a(lib_a-mlock.o)
                0x080073a2                __malloc_unlock
 .text._malloc_usable_size_r
                0x080073a4       0x12 c:/ac6/systemworkbench/plugins/fr.ac6.mcu.externaltools.arm-none.win32_1.15.0.201708311556/tools/compiler/bin/../lib/gcc/arm-none-eabi/6.3.1/../../../../arm-none-eabi/lib/thumb/v7-m\libc_nano.a(lib_a-nano-msizer.o)
                0x080073a4                _malloc_usable_size_r
 *fill*         0x080073b6        0x2 
 .text._sbrk    0x080073b8       0x1c c:/ac6/systemworkbench/plugins/fr.ac6.mcu.externaltools.arm-none.win32_1.15.0.201708311556/tools/compiler/bin/../lib/gcc/arm-none-eabi/6.3.1/../../../../arm-none-eabi/lib/thumb/v7-m\libnosys.a(sbrk.o)
                0x080073b8                _sbrk
 *(.glue_7)
 .glue_7        0x080073d4        0x0 linker stubs
 *(.glue_7t)
 .glue_7t       0x080073d4        0x0 linker stubs
 *(.eh_frame)
 .eh_frame      0x080073d4        0x0 c:/ac6/systemworkbench/plugins/fr.ac6.mcu.externaltools.arm-none.win32_1.15.0.201708311556/tools/compiler/bin/../lib/gcc/arm-none-eabi/6.3.1/thumb/v7-m/crtbegin.o
 *(.init)
 .init          0x080073d4        0x4 c:/ac6/systemworkbench/plugins/fr.ac6.mcu.externaltools.arm-none.win32_1.15.0.201708311556/tools/compiler/bin/../lib/gcc/arm-none-eabi/6.3.1/thumb/v7-m/crti.o
                0x080073d4                _init
 .init          0x080073d8        0x8 c:/ac6/systemworkbench/plugins/fr.ac6.mcu.externaltools.arm-none.win32_1.15.0.201708311556/tools/compiler/bin/../lib/gcc/arm-none-eabi/6.3.1/thumb/v7-m/crtn.o
 *(.fini)
 .fini          0x080073e0        0x4 c:/ac6/systemworkbench/plugins/fr.ac6.mcu.externaltools.arm-none.win32_1.15.0.201708311556/tools/compiler/bin/../lib/gcc/arm-none-eabi/6.3.1/thumb/v7-m/crti.o
                0x080073e0                _fini
 .fini          0x080073e4        0x8 c:/ac6/systemworkbench/plugins/fr.ac6.mcu.externaltools.arm-none.win32_1.15.0.201708311556/tools/compiler/bin/../lib/gcc/arm-none-eabi/6.3.1/thumb/v7-m/crtn.o
                0x080073ec                . = ALIGN (0x4)
                0x080073ec                _etext = .

.vfp11_veneer   0x080073ec        0x0
 .vfp11_veneer  0x080073ec        0x0 linker stubs

.v4_bx          0x080073ec        0x0
 .v4_bx         0x080073ec        0x0 linker stubs

.iplt           0x080073ec        0x0
 .iplt          0x080073ec        0x0 c:/ac6/systemworkbench/plugins/fr.ac6.mcu.externaltools.arm-none.win32_1.15.0.201708311556/tools/compiler/bin/../lib/gcc/arm-none-eabi/6.3.1/thumb/v7-m/crtbegin.o

.rodata         0x080073f0      0x240
                0x080073f0                . = ALIGN (0x4)
 *(.rodata)
 .rodata        0x080073f0       0x10 Drivers/STM32F1xx_HAL_Driver/Src/stm32f1xx_hal_rcc.o
 .rodata        0x08007400       0x10 Drivers/STM32F1xx_HAL_Driver/Src/stm32f1xx_hal_rcc_ex.o
 .rodata        0x08007410       0x13 Src/BaseSystem/gpio.o
 .rodata        0x08007423       0x18 Src/BaseSystem/rtc.o
 .rodata        0x0800743b       0x18 Src/BaseSystem/system_stm32f1xx.o
                0x0800743b                AHBPrescTable
                0x0800744b                APBPrescTable
 *fill*         0x08007453        0x1 
 .rodata        0x08007454       0x14 Src/main.o
 .rodata        0x08007468       0x54 Src/network/LoRa/sx1276-ubiboard.o
                0x08007468                Radio
 *fill*         0x080074bc        0x4 
 .rodata        0x080074c0       0xf8 Src/network/LoRa/sx1276.o
                0x080074c0                FskBandwidths
                0x08007588                RadioRegsInit
 *(.rodata*)
 .rodata.str1.1
                0x080075b8       0x44 Src/main.o
 .rodata._svfprintf_r.str1.1
                0x080075fc       0x11 c:/ac6/systemworkbench/plugins/fr.ac6.mcu.externaltools.arm-none.win32_1.15.0.201708311556/tools/compiler/bin/../lib/gcc/arm-none-eabi/6.3.1/../../../../arm-none-eabi/lib/thumb/v7-m\libc_nano.a(lib_a-nano-svfprintf.o)
 .rodata._printf_i.str1.1
                0x0800760d       0x22 c:/ac6/systemworkbench/plugins/fr.ac6.mcu.externaltools.arm-none.win32_1.15.0.201708311556/tools/compiler/bin/../lib/gcc/arm-none-eabi/6.3.1/../../../../arm-none-eabi/lib/thumb/v7-m\libc_nano.a(lib_a-nano-vfprintf_i.o)
                0x08007630                . = ALIGN (0x4)
 *fill*         0x0800762f        0x1 

.rel.dyn        0x08007630        0x0
 .rel.iplt      0x08007630        0x0 c:/ac6/systemworkbench/plugins/fr.ac6.mcu.externaltools.arm-none.win32_1.15.0.201708311556/tools/compiler/bin/../lib/gcc/arm-none-eabi/6.3.1/thumb/v7-m/crtbegin.o

.ARM.extab
 *(.ARM.extab* .gnu.linkonce.armextab.*)

.ARM            0x08007630        0x0
                0x08007630                __exidx_start = .
 *(.ARM.exidx*)
                0x08007630                __exidx_end = .

.preinit_array  0x08007630        0x0
                0x08007630                PROVIDE (__preinit_array_start, .)
 *(.preinit_array*)
                0x08007630                PROVIDE (__preinit_array_end, .)

.init_array     0x08007630        0x4
                0x08007630                PROVIDE (__init_array_start, .)
 *(SORT(.init_array.*))
 *(.init_array*)
 .init_array    0x08007630        0x4 c:/ac6/systemworkbench/plugins/fr.ac6.mcu.externaltools.arm-none.win32_1.15.0.201708311556/tools/compiler/bin/../lib/gcc/arm-none-eabi/6.3.1/thumb/v7-m/crtbegin.o
                0x08007634                PROVIDE (__init_array_end, .)

.fini_array     0x08007634        0x4
                [!provide]                PROVIDE (__fini_array_start, .)
 *(SORT(.fini_array.*))
 *(.fini_array*)
 .fini_array    0x08007634        0x4 c:/ac6/systemworkbench/plugins/fr.ac6.mcu.externaltools.arm-none.win32_1.15.0.201708311556/tools/compiler/bin/../lib/gcc/arm-none-eabi/6.3.1/thumb/v7-m/crtbegin.o
                [!provide]                PROVIDE (__fini_array_end, .)
                0x08007638                _sidata = LOADADDR (.data)

.data           0x20000000       0x84 load address 0x08007638
                0x20000000                . = ALIGN (0x4)
                0x20000000                _sdata = .
 *(.data)
 .data          0x20000000        0x4 Middlewares/Third_Party/FreeRTOS/Source/portable/GCC/ARM_CM3/port.o
 .data          0x20000004        0x4 Src/BaseSystem/system_stm32f1xx.o
                0x20000004                SystemCoreClock
 .data          0x20000008       0x18 Src/network/LoRa/sx1276.o
                0x20000008                DioIrq
 *(.data*)
 .data._impure_ptr
                0x20000020        0x4 c:/ac6/systemworkbench/plugins/fr.ac6.mcu.externaltools.arm-none.win32_1.15.0.201708311556/tools/compiler/bin/../lib/gcc/arm-none-eabi/6.3.1/../../../../arm-none-eabi/lib/thumb/v7-m\libc_nano.a(lib_a-impure.o)
                0x20000020                _impure_ptr
 .data.impure_data
                0x20000024       0x60 c:/ac6/systemworkbench/plugins/fr.ac6.mcu.externaltools.arm-none.win32_1.15.0.201708311556/tools/compiler/bin/../lib/gcc/arm-none-eabi/6.3.1/../../../../arm-none-eabi/lib/thumb/v7-m\libc_nano.a(lib_a-impure.o)
                0x20000084                . = ALIGN (0x4)
                0x20000084                _edata = .

.jcr            0x20000084        0x0 load address 0x080076bc
 .jcr           0x20000084        0x0 c:/ac6/systemworkbench/plugins/fr.ac6.mcu.externaltools.arm-none.win32_1.15.0.201708311556/tools/compiler/bin/../lib/gcc/arm-none-eabi/6.3.1/thumb/v7-m/crtbegin.o

.igot.plt       0x20000084        0x0 load address 0x080076bc
 .igot.plt      0x20000084        0x0 c:/ac6/systemworkbench/plugins/fr.ac6.mcu.externaltools.arm-none.win32_1.15.0.201708311556/tools/compiler/bin/../lib/gcc/arm-none-eabi/6.3.1/thumb/v7-m/crtbegin.o
                0x20000084                . = ALIGN (0x4)

.bss            0x20000084     0x1c88 load address 0x080076bc
                0x20000084                _sbss = .
                0x20000084                __bss_start__ = _sbss
 *(.bss)
 .bss           0x20000084       0x1c c:/ac6/systemworkbench/plugins/fr.ac6.mcu.externaltools.arm-none.win32_1.15.0.201708311556/tools/compiler/bin/../lib/gcc/arm-none-eabi/6.3.1/thumb/v7-m/crtbegin.o
 .bss           0x200000a0        0x4 Drivers/STM32F1xx_HAL_Driver/Src/stm32f1xx_hal.o
 .bss           0x200000a4        0x1 Drivers/STM32F1xx_HAL_Driver/Src/stm32f1xx_hal_spi_ex.o
                0x200000a4                uCRCErrorWorkaroundCheck
 .bss           0x200000a5        0x1 Middlewares/ST/STM32_USB_Device_Library/Core/Src/usbd_ctlreq.o
 *fill*         0x200000a6        0x2 
 .bss           0x200000a8      0x12c Middlewares/Third_Party/FreeRTOS/Source/tasks.o
                0x200000b4                pxCurrentTCB
 .bss           0x200001d4      0xc18 Middlewares/Third_Party/FreeRTOS/Source/portable/MemMang/heap_4.o
 .bss           0x20000dec       0x40 Src/BaseSystem/gpio.o
 .bss           0x20000e2c       0x24 Src/BaseSystem/rtc.o
                0x20000e2c                RtcHandle
                0x20000e48                McuWakeUpTime
                0x20000e4c                NonScheduledWakeUp
 .bss           0x20000e50        0x8 Src/BaseSystem/timer.o
                0x20000e50                HasLoopedThroughMain
 .bss           0x20000e58      0x23e Src/main.o
                0x2000107c                total_rx
                0x20001094                total_tx
 *fill*         0x20001096        0x2 
 .bss           0x20001098       0x24 Src/network/LoRa/rmss_lora_mac.o
                0x20001098                State
                0x200010b8                SnrValue
                0x200010ba                RssiValue
 .bss           0x200010bc        0x1 Src/network/LoRa/sx1276-ubiboard.o
 *fill*         0x200010bd        0x3 
 .bss           0x200010c0      0x104 Src/network/LoRa/sx1276.o
 .bss           0x200011c4        0x2 Src/network/comport/usart.o
                0x200011c4                u1_rx_cnt
 *(.bss*)
 *fill*         0x200011c6        0x2 
 .bss.__malloc_free_list
                0x200011c8        0x4 c:/ac6/systemworkbench/plugins/fr.ac6.mcu.externaltools.arm-none.win32_1.15.0.201708311556/tools/compiler/bin/../lib/gcc/arm-none-eabi/6.3.1/../../../../arm-none-eabi/lib/thumb/v7-m\libc_nano.a(lib_a-nano-mallocr.o)
                0x200011c8                __malloc_free_list
 .bss.__malloc_sbrk_start
                0x200011cc        0x4 c:/ac6/systemworkbench/plugins/fr.ac6.mcu.externaltools.arm-none.win32_1.15.0.201708311556/tools/compiler/bin/../lib/gcc/arm-none-eabi/6.3.1/../../../../arm-none-eabi/lib/thumb/v7-m\libc_nano.a(lib_a-nano-mallocr.o)
                0x200011cc                __malloc_sbrk_start
 .bss.heap_end.4116
                0x200011d0        0x4 c:/ac6/systemworkbench/plugins/fr.ac6.mcu.externaltools.arm-none.win32_1.15.0.201708311556/tools/compiler/bin/../lib/gcc/arm-none-eabi/6.3.1/../../../../arm-none-eabi/lib/thumb/v7-m\libnosys.a(sbrk.o)
 *(COMMON)
 COMMON         0x200011d4       0x20 Src/BaseSystem/rtc.o
                0x200011d4                RtcCalendarContext
                0x200011e0                hrtc
 COMMON         0x200011f4      0x420 Src/BaseSystem/usbd_conf.o
                0x200011f4                hpcd_USB_FS
 COMMON         0x20001614        0x8 Src/main.o
                0x20001614                defaultTaskHandle
                0x20001618                testTaskHandle
 COMMON         0x2000161c      0x416 Src/network/LoRa/rmss_lora_mac.o
                0x2000161c                rxAppData
                0x2000171c                currentSpradingFactor
                0x2000171d                currentCodingRate
                0x2000171e                tx_information
                0x2000181e                rxframe
                0x20001928                Buffer
                0x20001a28                devAddr
                0x20001a2a                MacStatus
                0x20001a30                FCntUp
 *fill*         0x20001a32        0x2 
 COMMON         0x20001a34       0x18 Src/network/LoRa/sx1276-ubiboard.o
                0x20001a34                AntSwitchLf
                0x20001a40                AntSwitchHf
 COMMON         0x20001a4c      0x174 Src/network/LoRa/sx1276.o
                0x20001a4c                TxTimeoutTimer
                0x20001a60                RxTimeoutSyncWord
                0x20001a74                SX1276
                0x20001bac                RxTimeoutTimer
 COMMON         0x20001bc0      0x147 Src/network/comport/usart.o
                0x20001bc0                U1_RxBuffer
                0x20001cc0                u1_rx_uwb_sof
                0x20001cc4                huart1
                0x20001d04                u1_rx_uwb_eof
                0x20001d05                u1_rx_uwb_err_cnt
                0x20001d06                u1_rx_uwb_err
 *fill*         0x20001d07        0x1 
 COMMON         0x20001d08        0x4 c:/ac6/systemworkbench/plugins/fr.ac6.mcu.externaltools.arm-none.win32_1.15.0.201708311556/tools/compiler/bin/../lib/gcc/arm-none-eabi/6.3.1/../../../../arm-none-eabi/lib/thumb/v7-m\libc_nano.a(lib_a-reent.o)
                0x20001d08                errno
                0x20001d0c                . = ALIGN (0x4)
                0x20001d0c                _ebss = .
                0x20001d0c                __bss_end__ = _ebss

._user_heap_stack
                0x20001d0c      0x604 load address 0x080076bc
                0x20001d10                . = ALIGN (0x8)
 *fill*         0x20001d0c        0x4 
                0x20001d10                PROVIDE (end, .)
                [!provide]                PROVIDE (_end, .)
                0x20001f10                . = (. + _Min_Heap_Size)
 *fill*         0x20001d10      0x200 
                0x20002310                . = (. + _Min_Stack_Size)
 *fill*         0x20001f10      0x400 
                0x20002310                . = ALIGN (0x8)

/DISCARD/
 libc.a(*)
 libm.a(*)
 libgcc.a(*)

.ARM.attributes
                0x00000000       0x29
 *(.ARM.attributes)
 .ARM.attributes
                0x00000000       0x1d c:/ac6/systemworkbench/plugins/fr.ac6.mcu.externaltools.arm-none.win32_1.15.0.201708311556/tools/compiler/bin/../lib/gcc/arm-none-eabi/6.3.1/thumb/v7-m/crti.o
 .ARM.attributes
                0x0000001d       0x2d c:/ac6/systemworkbench/plugins/fr.ac6.mcu.externaltools.arm-none.win32_1.15.0.201708311556/tools/compiler/bin/../lib/gcc/arm-none-eabi/6.3.1/thumb/v7-m/crtbegin.o
 .ARM.attributes
                0x0000004a       0x33 Drivers/STM32F1xx_HAL_Driver/Src/stm32f1xx_hal.o
 .ARM.attributes
                0x0000007d       0x33 Drivers/STM32F1xx_HAL_Driver/Src/stm32f1xx_hal_cortex.o
 .ARM.attributes
                0x000000b0       0x33 Drivers/STM32F1xx_HAL_Driver/Src/stm32f1xx_hal_gpio.o
 .ARM.attributes
                0x000000e3       0x33 Drivers/STM32F1xx_HAL_Driver/Src/stm32f1xx_hal_pcd.o
 .ARM.attributes
                0x00000116       0x33 Drivers/STM32F1xx_HAL_Driver/Src/stm32f1xx_hal_rcc.o
 .ARM.attributes
                0x00000149       0x33 Drivers/STM32F1xx_HAL_Driver/Src/stm32f1xx_hal_rcc_ex.o
 .ARM.attributes
                0x0000017c       0x33 Drivers/STM32F1xx_HAL_Driver/Src/stm32f1xx_hal_rtc.o
 .ARM.attributes
                0x000001af       0x33 Drivers/STM32F1xx_HAL_Driver/Src/stm32f1xx_hal_rtc_ex.o
 .ARM.attributes
                0x000001e2       0x33 Drivers/STM32F1xx_HAL_Driver/Src/stm32f1xx_hal_spi_ex.o
 .ARM.attributes
                0x00000215       0x33 Drivers/STM32F1xx_HAL_Driver/Src/stm32f1xx_hal_uart.o
 .ARM.attributes
                0x00000248       0x33 Drivers/STM32F1xx_HAL_Driver/Src/stm32f1xx_ll_usb.o
 .ARM.attributes
                0x0000027b       0x33 Middlewares/ST/STM32_USB_Device_Library/Core/Src/usbd_core.o
 .ARM.attributes
                0x000002ae       0x33 Middlewares/ST/STM32_USB_Device_Library/Core/Src/usbd_ctlreq.o
 .ARM.attributes
                0x000002e1       0x33 Middlewares/ST/STM32_USB_Device_Library/Core/Src/usbd_ioreq.o
 .ARM.attributes
                0x00000314       0x33 Middlewares/Third_Party/FreeRTOS/Source/CMSIS_RTOS/cmsis_os.o
 .ARM.attributes
                0x00000347       0x33 Middlewares/Third_Party/FreeRTOS/Source/list.o
 .ARM.attributes
                0x0000037a       0x33 Middlewares/Third_Party/FreeRTOS/Source/tasks.o
 .ARM.attributes
                0x000003ad       0x33 Middlewares/Third_Party/FreeRTOS/Source/portable/GCC/ARM_CM3/port.o
 .ARM.attributes
                0x000003e0       0x33 Middlewares/Third_Party/FreeRTOS/Source/portable/MemMang/heap_4.o
 .ARM.attributes
                0x00000413       0x33 Src/BaseSystem/delay.o
 .ARM.attributes
                0x00000446       0x33 Src/BaseSystem/gpio.o
 .ARM.attributes
                0x00000479       0x33 Src/BaseSystem/rtc.o
 .ARM.attributes
                0x000004ac       0x33 Src/BaseSystem/spi.o
 .ARM.attributes
                0x000004df       0x33 Src/BaseSystem/stm32f1xx_hal_msp.o
 .ARM.attributes
                0x00000512       0x33 Src/BaseSystem/stm32f1xx_it.o
 .ARM.attributes
                0x00000545       0x33 Src/BaseSystem/system_stm32f1xx.o
 .ARM.attributes
                0x00000578       0x33 Src/BaseSystem/timer.o
 .ARM.attributes
                0x000005ab       0x33 Src/BaseSystem/usbd_conf.o
 .ARM.attributes
                0x000005de       0x33 Src/BaseSystem/utilities.o
 .ARM.attributes
                0x00000611       0x33 Src/main.o
 .ARM.attributes
                0x00000644       0x33 Src/network/LoRa/rmss_lora_mac.o
 .ARM.attributes
                0x00000677       0x33 Src/network/LoRa/sx1276-ubiboard.o
 .ARM.attributes
                0x000006aa       0x33 Src/network/LoRa/sx1276.o
 .ARM.attributes
                0x000006dd       0x33 Src/network/comport/usart.o
 .ARM.attributes
                0x00000710       0x21 startup/startup_stm32f103xb.o
 .ARM.attributes
                0x00000731       0x2d c:/ac6/systemworkbench/plugins/fr.ac6.mcu.externaltools.arm-none.win32_1.15.0.201708311556/tools/compiler/bin/../lib/gcc/arm-none-eabi/6.3.1/../../../../arm-none-eabi/lib/thumb/v7-m\libm.a(lib_a-s_ceil.o)
 .ARM.attributes
                0x0000075e       0x2d c:/ac6/systemworkbench/plugins/fr.ac6.mcu.externaltools.arm-none.win32_1.15.0.201708311556/tools/compiler/bin/../lib/gcc/arm-none-eabi/6.3.1/../../../../arm-none-eabi/lib/thumb/v7-m\libm.a(lib_a-s_floor.o)
 .ARM.attributes
                0x0000078b       0x2d c:/ac6/systemworkbench/plugins/fr.ac6.mcu.externaltools.arm-none.win32_1.15.0.201708311556/tools/compiler/bin/../lib/gcc/arm-none-eabi/6.3.1/../../../../arm-none-eabi/lib/thumb/v7-m\libm.a(lib_a-s_round.o)
 .ARM.attributes
                0x000007b8       0x1d c:/ac6/systemworkbench/plugins/fr.ac6.mcu.externaltools.arm-none.win32_1.15.0.201708311556/tools/compiler/bin/../lib/gcc/arm-none-eabi/6.3.1/thumb/v7-m\libgcc.a(_arm_addsubdf3.o)
 .ARM.attributes
                0x000007d5       0x1d c:/ac6/systemworkbench/plugins/fr.ac6.mcu.externaltools.arm-none.win32_1.15.0.201708311556/tools/compiler/bin/../lib/gcc/arm-none-eabi/6.3.1/thumb/v7-m\libgcc.a(_arm_muldivdf3.o)
 .ARM.attributes
                0x000007f2       0x1d c:/ac6/systemworkbench/plugins/fr.ac6.mcu.externaltools.arm-none.win32_1.15.0.201708311556/tools/compiler/bin/../lib/gcc/arm-none-eabi/6.3.1/thumb/v7-m\libgcc.a(_arm_cmpdf2.o)
 .ARM.attributes
                0x0000080f       0x1d c:/ac6/systemworkbench/plugins/fr.ac6.mcu.externaltools.arm-none.win32_1.15.0.201708311556/tools/compiler/bin/../lib/gcc/arm-none-eabi/6.3.1/thumb/v7-m\libgcc.a(_arm_fixdfsi.o)
 .ARM.attributes
                0x0000082c       0x1d c:/ac6/systemworkbench/plugins/fr.ac6.mcu.externaltools.arm-none.win32_1.15.0.201708311556/tools/compiler/bin/../lib/gcc/arm-none-eabi/6.3.1/thumb/v7-m\libgcc.a(_arm_fixunsdfsi.o)
 .ARM.attributes
                0x00000849       0x2d c:/ac6/systemworkbench/plugins/fr.ac6.mcu.externaltools.arm-none.win32_1.15.0.201708311556/tools/compiler/bin/../lib/gcc/arm-none-eabi/6.3.1/../../../../arm-none-eabi/lib/thumb/v7-m\libc_nano.a(lib_a-impure.o)
 .ARM.attributes
                0x00000876       0x2d c:/ac6/systemworkbench/plugins/fr.ac6.mcu.externaltools.arm-none.win32_1.15.0.201708311556/tools/compiler/bin/../lib/gcc/arm-none-eabi/6.3.1/../../../../arm-none-eabi/lib/thumb/v7-m\libc_nano.a(lib_a-init.o)
 .ARM.attributes
                0x000008a3       0x2d c:/ac6/systemworkbench/plugins/fr.ac6.mcu.externaltools.arm-none.win32_1.15.0.201708311556/tools/compiler/bin/../lib/gcc/arm-none-eabi/6.3.1/../../../../arm-none-eabi/lib/thumb/v7-m\libc_nano.a(lib_a-memcpy-stub.o)
 .ARM.attributes
                0x000008d0       0x2d c:/ac6/systemworkbench/plugins/fr.ac6.mcu.externaltools.arm-none.win32_1.15.0.201708311556/tools/compiler/bin/../lib/gcc/arm-none-eabi/6.3.1/../../../../arm-none-eabi/lib/thumb/v7-m\libc_nano.a(lib_a-memset.o)
 .ARM.attributes
                0x000008fd       0x2d c:/ac6/systemworkbench/plugins/fr.ac6.mcu.externaltools.arm-none.win32_1.15.0.201708311556/tools/compiler/bin/../lib/gcc/arm-none-eabi/6.3.1/../../../../arm-none-eabi/lib/thumb/v7-m\libc_nano.a(lib_a-sprintf.o)
 .ARM.attributes
                0x0000092a       0x17 c:/ac6/systemworkbench/plugins/fr.ac6.mcu.externaltools.arm-none.win32_1.15.0.201708311556/tools/compiler/bin/../lib/gcc/arm-none-eabi/6.3.1/../../../../arm-none-eabi/lib/thumb/v7-m\libc_nano.a(lib_a-strlen.o)
 .ARM.attributes
                0x00000941       0x2d c:/ac6/systemworkbench/plugins/fr.ac6.mcu.externaltools.arm-none.win32_1.15.0.201708311556/tools/compiler/bin/../lib/gcc/arm-none-eabi/6.3.1/../../../../arm-none-eabi/lib/thumb/v7-m\libc_nano.a(lib_a-nano-svfprintf.o)
 .ARM.attributes
                0x0000096e       0x2d c:/ac6/systemworkbench/plugins/fr.ac6.mcu.externaltools.arm-none.win32_1.15.0.201708311556/tools/compiler/bin/../lib/gcc/arm-none-eabi/6.3.1/../../../../arm-none-eabi/lib/thumb/v7-m\libc_nano.a(lib_a-nano-vfprintf_i.o)
 .ARM.attributes
                0x0000099b       0x2d c:/ac6/systemworkbench/plugins/fr.ac6.mcu.externaltools.arm-none.win32_1.15.0.201708311556/tools/compiler/bin/../lib/gcc/arm-none-eabi/6.3.1/../../../../arm-none-eabi/lib/thumb/v7-m\libc_nano.a(lib_a-memchr-stub.o)
 .ARM.attributes
                0x000009c8       0x2d c:/ac6/systemworkbench/plugins/fr.ac6.mcu.externaltools.arm-none.win32_1.15.0.201708311556/tools/compiler/bin/../lib/gcc/arm-none-eabi/6.3.1/../../../../arm-none-eabi/lib/thumb/v7-m\libc_nano.a(lib_a-memmove.o)
 .ARM.attributes
                0x000009f5       0x2d c:/ac6/systemworkbench/plugins/fr.ac6.mcu.externaltools.arm-none.win32_1.15.0.201708311556/tools/compiler/bin/../lib/gcc/arm-none-eabi/6.3.1/../../../../arm-none-eabi/lib/thumb/v7-m\libc_nano.a(lib_a-nano-freer.o)
 .ARM.attributes
                0x00000a22       0x2d c:/ac6/systemworkbench/plugins/fr.ac6.mcu.externaltools.arm-none.win32_1.15.0.201708311556/tools/compiler/bin/../lib/gcc/arm-none-eabi/6.3.1/../../../../arm-none-eabi/lib/thumb/v7-m\libc_nano.a(lib_a-nano-mallocr.o)
 .ARM.attributes
                0x00000a4f       0x2d c:/ac6/systemworkbench/plugins/fr.ac6.mcu.externaltools.arm-none.win32_1.15.0.201708311556/tools/compiler/bin/../lib/gcc/arm-none-eabi/6.3.1/../../../../arm-none-eabi/lib/thumb/v7-m\libc_nano.a(lib_a-nano-reallocr.o)
 .ARM.attributes
                0x00000a7c       0x2d c:/ac6/systemworkbench/plugins/fr.ac6.mcu.externaltools.arm-none.win32_1.15.0.201708311556/tools/compiler/bin/../lib/gcc/arm-none-eabi/6.3.1/../../../../arm-none-eabi/lib/thumb/v7-m\libc_nano.a(lib_a-sbrkr.o)
 .ARM.attributes
                0x00000aa9       0x2d c:/ac6/systemworkbench/plugins/fr.ac6.mcu.externaltools.arm-none.win32_1.15.0.201708311556/tools/compiler/bin/../lib/gcc/arm-none-eabi/6.3.1/../../../../arm-none-eabi/lib/thumb/v7-m\libc_nano.a(lib_a-mlock.o)
 .ARM.attributes
                0x00000ad6       0x2d c:/ac6/systemworkbench/plugins/fr.ac6.mcu.externaltools.arm-none.win32_1.15.0.201708311556/tools/compiler/bin/../lib/gcc/arm-none-eabi/6.3.1/../../../../arm-none-eabi/lib/thumb/v7-m\libc_nano.a(lib_a-nano-msizer.o)
 .ARM.attributes
                0x00000b03       0x2d c:/ac6/systemworkbench/plugins/fr.ac6.mcu.externaltools.arm-none.win32_1.15.0.201708311556/tools/compiler/bin/../lib/gcc/arm-none-eabi/6.3.1/../../../../arm-none-eabi/lib/thumb/v7-m\libc_nano.a(lib_a-reent.o)
 .ARM.attributes
                0x00000b30       0x2d c:/ac6/systemworkbench/plugins/fr.ac6.mcu.externaltools.arm-none.win32_1.15.0.201708311556/tools/compiler/bin/../lib/gcc/arm-none-eabi/6.3.1/../../../../arm-none-eabi/lib/thumb/v7-m\libnosys.a(sbrk.o)
 .ARM.attributes
                0x00000b5d       0x1d c:/ac6/systemworkbench/plugins/fr.ac6.mcu.externaltools.arm-none.win32_1.15.0.201708311556/tools/compiler/bin/../lib/gcc/arm-none-eabi/6.3.1/thumb/v7-m/crtn.o
OUTPUT(SlottedLoRa.elf elf32-littlearm)

.debug_info     0x00000000    0x325b1
 .debug_info    0x00000000      0xf21 Drivers/STM32F1xx_HAL_Driver/Src/stm32f1xx_hal.o
 .debug_info    0x00000f21     0x1487 Drivers/STM32F1xx_HAL_Driver/Src/stm32f1xx_hal_cortex.o
 .debug_info    0x000023a8      0xe9b Drivers/STM32F1xx_HAL_Driver/Src/stm32f1xx_hal_gpio.o
 .debug_info    0x00003243     0x19ab Drivers/STM32F1xx_HAL_Driver/Src/stm32f1xx_hal_pcd.o
 .debug_info    0x00004bee     0x1a14 Drivers/STM32F1xx_HAL_Driver/Src/stm32f1xx_hal_rcc.o
 .debug_info    0x00006602      0xdd3 Drivers/STM32F1xx_HAL_Driver/Src/stm32f1xx_hal_rcc_ex.o
 .debug_info    0x000073d5     0x1aa2 Drivers/STM32F1xx_HAL_Driver/Src/stm32f1xx_hal_rtc.o
 .debug_info    0x00008e77      0xf9c Drivers/STM32F1xx_HAL_Driver/Src/stm32f1xx_hal_rtc_ex.o
 .debug_info    0x00009e13      0xe21 Drivers/STM32F1xx_HAL_Driver/Src/stm32f1xx_hal_spi_ex.o
 .debug_info    0x0000ac34     0x266d Drivers/STM32F1xx_HAL_Driver/Src/stm32f1xx_hal_uart.o
 .debug_info    0x0000d2a1     0x16d6 Drivers/STM32F1xx_HAL_Driver/Src/stm32f1xx_ll_usb.o
 .debug_info    0x0000e977     0x147a Middlewares/ST/STM32_USB_Device_Library/Core/Src/usbd_core.o
 .debug_info    0x0000fdf1     0x14ad Middlewares/ST/STM32_USB_Device_Library/Core/Src/usbd_ctlreq.o
 .debug_info    0x0001129e      0xfd9 Middlewares/ST/STM32_USB_Device_Library/Core/Src/usbd_ioreq.o
 .debug_info    0x00012277     0x251f Middlewares/Third_Party/FreeRTOS/Source/CMSIS_RTOS/cmsis_os.o
 .debug_info    0x00014796      0xad4 Middlewares/Third_Party/FreeRTOS/Source/list.o
 .debug_info    0x0001526a     0x299d Middlewares/Third_Party/FreeRTOS/Source/tasks.o
 .debug_info    0x00017c07      0xcf2 Middlewares/Third_Party/FreeRTOS/Source/portable/GCC/ARM_CM3/port.o
 .debug_info    0x000188f9      0xcb9 Middlewares/Third_Party/FreeRTOS/Source/portable/MemMang/heap_4.o
 .debug_info    0x000195b2      0x9eb Src/BaseSystem/delay.o
 .debug_info    0x00019f9d     0x1821 Src/BaseSystem/gpio.o
 .debug_info    0x0001b7be     0x18b4 Src/BaseSystem/rtc.o
 .debug_info    0x0001d072     0x1913 Src/BaseSystem/spi.o
 .debug_info    0x0001e985      0xcc2 Src/BaseSystem/stm32f1xx_hal_msp.o
 .debug_info    0x0001f647     0x1464 Src/BaseSystem/stm32f1xx_it.o
 .debug_info    0x00020aab      0xc26 Src/BaseSystem/system_stm32f1xx.o
 .debug_info    0x000216d1     0x110a Src/BaseSystem/timer.o
 .debug_info    0x000227db     0x1eab Src/BaseSystem/usbd_conf.o
 .debug_info    0x00024686      0xaa2 Src/BaseSystem/utilities.o
 .debug_info    0x00025128     0x2f4b Src/main.o
 .debug_info    0x00028073     0x27bb Src/network/LoRa/rmss_lora_mac.o
 .debug_info    0x0002a82e     0x212a Src/network/LoRa/sx1276-ubiboard.o
 .debug_info    0x0002c958     0x3c23 Src/network/LoRa/sx1276.o
 .debug_info    0x0003057b     0x1f9e Src/network/comport/usart.o
 .debug_info    0x00032519       0x98 startup/startup_stm32f103xb.o

.debug_abbrev   0x00000000     0x70ef
 .debug_abbrev  0x00000000      0x34e Drivers/STM32F1xx_HAL_Driver/Src/stm32f1xx_hal.o
 .debug_abbrev  0x0000034e      0x3a9 Drivers/STM32F1xx_HAL_Driver/Src/stm32f1xx_hal_cortex.o
 .debug_abbrev  0x000006f7      0x2a3 Drivers/STM32F1xx_HAL_Driver/Src/stm32f1xx_hal_gpio.o
 .debug_abbrev  0x0000099a      0x3e4 Drivers/STM32F1xx_HAL_Driver/Src/stm32f1xx_hal_pcd.o
 .debug_abbrev  0x00000d7e      0x382 Drivers/STM32F1xx_HAL_Driver/Src/stm32f1xx_hal_rcc.o
 .debug_abbrev  0x00001100      0x33a Drivers/STM32F1xx_HAL_Driver/Src/stm32f1xx_hal_rcc_ex.o
 .debug_abbrev  0x0000143a      0x3cb Drivers/STM32F1xx_HAL_Driver/Src/stm32f1xx_hal_rtc.o
 .debug_abbrev  0x00001805      0x31b Drivers/STM32F1xx_HAL_Driver/Src/stm32f1xx_hal_rtc_ex.o
 .debug_abbrev  0x00001b20      0x224 Drivers/STM32F1xx_HAL_Driver/Src/stm32f1xx_hal_spi_ex.o
 .debug_abbrev  0x00001d44      0x3b9 Drivers/STM32F1xx_HAL_Driver/Src/stm32f1xx_hal_uart.o
 .debug_abbrev  0x000020fd      0x338 Drivers/STM32F1xx_HAL_Driver/Src/stm32f1xx_ll_usb.o
 .debug_abbrev  0x00002435      0x341 Middlewares/ST/STM32_USB_Device_Library/Core/Src/usbd_core.o
 .debug_abbrev  0x00002776      0x3e3 Middlewares/ST/STM32_USB_Device_Library/Core/Src/usbd_ctlreq.o
 .debug_abbrev  0x00002b59      0x213 Middlewares/ST/STM32_USB_Device_Library/Core/Src/usbd_ioreq.o
 .debug_abbrev  0x00002d6c      0x489 Middlewares/Third_Party/FreeRTOS/Source/CMSIS_RTOS/cmsis_os.o
 .debug_abbrev  0x000031f5      0x21c Middlewares/Third_Party/FreeRTOS/Source/list.o
 .debug_abbrev  0x00003411      0x452 Middlewares/Third_Party/FreeRTOS/Source/tasks.o
 .debug_abbrev  0x00003863      0x36c Middlewares/Third_Party/FreeRTOS/Source/portable/GCC/ARM_CM3/port.o
 .debug_abbrev  0x00003bcf      0x34d Middlewares/Third_Party/FreeRTOS/Source/portable/MemMang/heap_4.o
 .debug_abbrev  0x00003f1c      0x245 Src/BaseSystem/delay.o
 .debug_abbrev  0x00004161      0x3c6 Src/BaseSystem/gpio.o
 .debug_abbrev  0x00004527      0x4b8 Src/BaseSystem/rtc.o
 .debug_abbrev  0x000049df      0x3b0 Src/BaseSystem/spi.o
 .debug_abbrev  0x00004d8f      0x230 Src/BaseSystem/stm32f1xx_hal_msp.o
 .debug_abbrev  0x00004fbf      0x2d1 Src/BaseSystem/stm32f1xx_it.o
 .debug_abbrev  0x00005290      0x226 Src/BaseSystem/system_stm32f1xx.o
 .debug_abbrev  0x000054b6      0x4c2 Src/BaseSystem/timer.o
 .debug_abbrev  0x00005978      0x334 Src/BaseSystem/usbd_conf.o
 .debug_abbrev  0x00005cac      0x229 Src/BaseSystem/utilities.o
 .debug_abbrev  0x00005ed5      0x378 Src/main.o
 .debug_abbrev  0x0000624d      0x3e1 Src/network/LoRa/rmss_lora_mac.o
 .debug_abbrev  0x0000662e      0x2c5 Src/network/LoRa/sx1276-ubiboard.o
 .debug_abbrev  0x000068f3      0x4db Src/network/LoRa/sx1276.o
 .debug_abbrev  0x00006dce      0x30f Src/network/comport/usart.o
 .debug_abbrev  0x000070dd       0x12 startup/startup_stm32f103xb.o

.debug_loc      0x00000000     0xb950
 .debug_loc     0x00000000       0x73 Drivers/STM32F1xx_HAL_Driver/Src/stm32f1xx_hal.o
 .debug_loc     0x00000073      0x46b Drivers/STM32F1xx_HAL_Driver/Src/stm32f1xx_hal_cortex.o
 .debug_loc     0x000004de      0x36a Drivers/STM32F1xx_HAL_Driver/Src/stm32f1xx_hal_gpio.o
 .debug_loc     0x00000848      0xa23 Drivers/STM32F1xx_HAL_Driver/Src/stm32f1xx_hal_pcd.o
 .debug_loc     0x0000126b      0x835 Drivers/STM32F1xx_HAL_Driver/Src/stm32f1xx_hal_rcc.o
 .debug_loc     0x00001aa0      0x35c Drivers/STM32F1xx_HAL_Driver/Src/stm32f1xx_hal_rcc_ex.o
 .debug_loc     0x00001dfc      0xe6b Drivers/STM32F1xx_HAL_Driver/Src/stm32f1xx_hal_rtc.o
 .debug_loc     0x00002c67      0x444 Drivers/STM32F1xx_HAL_Driver/Src/stm32f1xx_hal_rtc_ex.o
 .debug_loc     0x000030ab       0x63 Drivers/STM32F1xx_HAL_Driver/Src/stm32f1xx_hal_spi_ex.o
 .debug_loc     0x0000310e      0xd78 Drivers/STM32F1xx_HAL_Driver/Src/stm32f1xx_hal_uart.o
 .debug_loc     0x00003e86      0xaf4 Drivers/STM32F1xx_HAL_Driver/Src/stm32f1xx_ll_usb.o
 .debug_loc     0x0000497a      0x5f2 Middlewares/ST/STM32_USB_Device_Library/Core/Src/usbd_core.o
 .debug_loc     0x00004f6c      0x7cd Middlewares/ST/STM32_USB_Device_Library/Core/Src/usbd_ctlreq.o
 .debug_loc     0x00005739      0x23c Middlewares/ST/STM32_USB_Device_Library/Core/Src/usbd_ioreq.o
 .debug_loc     0x00005975     0x102d Middlewares/Third_Party/FreeRTOS/Source/CMSIS_RTOS/cmsis_os.o
 .debug_loc     0x000069a2       0x94 Middlewares/Third_Party/FreeRTOS/Source/list.o
 .debug_loc     0x00006a36     0x1256 Middlewares/Third_Party/FreeRTOS/Source/tasks.o
 .debug_loc     0x00007c8c       0xce Middlewares/Third_Party/FreeRTOS/Source/portable/GCC/ARM_CM3/port.o
 .debug_loc     0x00007d5a      0x372 Middlewares/Third_Party/FreeRTOS/Source/portable/MemMang/heap_4.o
 .debug_loc     0x000080cc       0x7e Src/BaseSystem/delay.o
 .debug_loc     0x0000814a      0x65c Src/BaseSystem/gpio.o
 .debug_loc     0x000087a6      0xade Src/BaseSystem/rtc.o
 .debug_loc     0x00009284      0x390 Src/BaseSystem/spi.o
 .debug_loc     0x00009614       0x4d Src/BaseSystem/stm32f1xx_it.o
 .debug_loc     0x00009661       0xcd Src/BaseSystem/system_stm32f1xx.o
 .debug_loc     0x0000972e      0x476 Src/BaseSystem/timer.o
 .debug_loc     0x00009ba4      0x69a Src/BaseSystem/usbd_conf.o
 .debug_loc     0x0000a23e      0x1e6 Src/BaseSystem/utilities.o
 .debug_loc     0x0000a424       0x62 Src/main.o
 .debug_loc     0x0000a486      0x1f2 Src/network/LoRa/rmss_lora_mac.o
 .debug_loc     0x0000a678      0x124 Src/network/LoRa/sx1276-ubiboard.o
 .debug_loc     0x0000a79c     0x110a Src/network/LoRa/sx1276.o
 .debug_loc     0x0000b8a6       0xaa Src/network/comport/usart.o

.debug_aranges  0x00000000     0x12d8
 .debug_aranges
                0x00000000       0xa8 Drivers/STM32F1xx_HAL_Driver/Src/stm32f1xx_hal.o
 .debug_aranges
                0x000000a8       0x90 Drivers/STM32F1xx_HAL_Driver/Src/stm32f1xx_hal_cortex.o
 .debug_aranges
                0x00000138       0x58 Drivers/STM32F1xx_HAL_Driver/Src/stm32f1xx_hal_gpio.o
 .debug_aranges
                0x00000190       0xc0 Drivers/STM32F1xx_HAL_Driver/Src/stm32f1xx_hal_pcd.o
 .debug_aranges
                0x00000250       0x88 Drivers/STM32F1xx_HAL_Driver/Src/stm32f1xx_hal_rcc.o
 .debug_aranges
                0x000002d8       0x30 Drivers/STM32F1xx_HAL_Driver/Src/stm32f1xx_hal_rcc_ex.o
 .debug_aranges
                0x00000308       0xd8 Drivers/STM32F1xx_HAL_Driver/Src/stm32f1xx_hal_rtc.o
 .debug_aranges
                0x000003e0       0x78 Drivers/STM32F1xx_HAL_Driver/Src/stm32f1xx_hal_rtc_ex.o
 .debug_aranges
                0x00000458       0x28 Drivers/STM32F1xx_HAL_Driver/Src/stm32f1xx_hal_spi_ex.o
 .debug_aranges
                0x00000480      0x108 Drivers/STM32F1xx_HAL_Driver/Src/stm32f1xx_hal_uart.o
 .debug_aranges
                0x00000588       0xe0 Drivers/STM32F1xx_HAL_Driver/Src/stm32f1xx_ll_usb.o
 .debug_aranges
                0x00000668       0xa8 Middlewares/ST/STM32_USB_Device_Library/Core/Src/usbd_core.o
 .debug_aranges
                0x00000710       0x50 Middlewares/ST/STM32_USB_Device_Library/Core/Src/usbd_ctlreq.o
 .debug_aranges
                0x00000760       0x50 Middlewares/ST/STM32_USB_Device_Library/Core/Src/usbd_ioreq.o
 .debug_aranges
                0x000007b0      0x190 Middlewares/Third_Party/FreeRTOS/Source/CMSIS_RTOS/cmsis_os.o
 .debug_aranges
                0x00000940       0x40 Middlewares/Third_Party/FreeRTOS/Source/list.o
 .debug_aranges
                0x00000980      0x170 Middlewares/Third_Party/FreeRTOS/Source/tasks.o
 .debug_aranges
                0x00000af0       0x78 Middlewares/Third_Party/FreeRTOS/Source/portable/GCC/ARM_CM3/port.o
 .debug_aranges
                0x00000b68       0x48 Middlewares/Third_Party/FreeRTOS/Source/portable/MemMang/heap_4.o
 .debug_aranges
                0x00000bb0       0x28 Src/BaseSystem/delay.o
 .debug_aranges
                0x00000bd8       0xb8 Src/BaseSystem/gpio.o
 .debug_aranges
                0x00000c90       0x88 Src/BaseSystem/rtc.o
 .debug_aranges
                0x00000d18       0x60 Src/BaseSystem/spi.o
 .debug_aranges
                0x00000d78       0x20 Src/BaseSystem/stm32f1xx_hal_msp.o
 .debug_aranges
                0x00000d98       0x60 Src/BaseSystem/stm32f1xx_it.o
 .debug_aranges
                0x00000df8       0x28 Src/BaseSystem/system_stm32f1xx.o
 .debug_aranges
                0x00000e20       0x80 Src/BaseSystem/timer.o
 .debug_aranges
                0x00000ea0      0x110 Src/BaseSystem/usbd_conf.o
 .debug_aranges
                0x00000fb0       0x50 Src/BaseSystem/utilities.o
 .debug_aranges
                0x00001000       0x70 Src/main.o
 .debug_aranges
                0x00001070       0x70 Src/network/LoRa/rmss_lora_mac.o
 .debug_aranges
                0x000010e0       0x68 Src/network/LoRa/sx1276-ubiboard.o
 .debug_aranges
                0x00001148      0x120 Src/network/LoRa/sx1276.o
 .debug_aranges
                0x00001268       0x48 Src/network/comport/usart.o
 .debug_aranges
                0x000012b0       0x28 startup/startup_stm32f103xb.o

.debug_ranges   0x00000000     0x1990
 .debug_ranges  0x00000000       0x98 Drivers/STM32F1xx_HAL_Driver/Src/stm32f1xx_hal.o
 .debug_ranges  0x00000098      0x128 Drivers/STM32F1xx_HAL_Driver/Src/stm32f1xx_hal_cortex.o
 .debug_ranges  0x000001c0       0x60 Drivers/STM32F1xx_HAL_Driver/Src/stm32f1xx_hal_gpio.o
 .debug_ranges  0x00000220      0x118 Drivers/STM32F1xx_HAL_Driver/Src/stm32f1xx_hal_pcd.o
 .debug_ranges  0x00000338      0x238 Drivers/STM32F1xx_HAL_Driver/Src/stm32f1xx_hal_rcc.o
 .debug_ranges  0x00000570       0x80 Drivers/STM32F1xx_HAL_Driver/Src/stm32f1xx_hal_rcc_ex.o
 .debug_ranges  0x000005f0      0x108 Drivers/STM32F1xx_HAL_Driver/Src/stm32f1xx_hal_rtc.o
 .debug_ranges  0x000006f8       0x68 Drivers/STM32F1xx_HAL_Driver/Src/stm32f1xx_hal_rtc_ex.o
 .debug_ranges  0x00000760       0x18 Drivers/STM32F1xx_HAL_Driver/Src/stm32f1xx_hal_spi_ex.o
 .debug_ranges  0x00000778      0x140 Drivers/STM32F1xx_HAL_Driver/Src/stm32f1xx_hal_uart.o
 .debug_ranges  0x000008b8      0x210 Drivers/STM32F1xx_HAL_Driver/Src/stm32f1xx_ll_usb.o
 .debug_ranges  0x00000ac8       0x98 Middlewares/ST/STM32_USB_Device_Library/Core/Src/usbd_core.o
 .debug_ranges  0x00000b60       0xc0 Middlewares/ST/STM32_USB_Device_Library/Core/Src/usbd_ctlreq.o
 .debug_ranges  0x00000c20       0x40 Middlewares/ST/STM32_USB_Device_Library/Core/Src/usbd_ioreq.o